Archive member included to satisfy reference by file (symbol)

C:/ST/STM32CubeIDE_1.11.2/STM32CubeIDE/plugins/com.st.stm32cube.ide.mcu.externaltools.gnu-tools-for-stm32.12.3.rel1.win32_1.0.100.202403111256/tools/bin/../lib/gcc/arm-none-eabi/12.3.1/../../../../arm-none-eabi/lib/thumb/v7e-m+dp/hard\libc_nano.a(libc_a-exit.o)
                              C:/ST/STM32CubeIDE_1.11.2/STM32CubeIDE/plugins/com.st.stm32cube.ide.mcu.externaltools.gnu-tools-for-stm32.12.3.rel1.win32_1.0.100.202403111256/tools/bin/../lib/gcc/arm-none-eabi/12.3.1/../../../../arm-none-eabi/lib/thumb/v7e-m+dp/hard/crt0.o (exit)
C:/ST/STM32CubeIDE_1.11.2/STM32CubeIDE/plugins/com.st.stm32cube.ide.mcu.externaltools.gnu-tools-for-stm32.12.3.rel1.win32_1.0.100.202403111256/tools/bin/../lib/gcc/arm-none-eabi/12.3.1/../../../../arm-none-eabi/lib/thumb/v7e-m+dp/hard\libc_nano.a(libc_a-rand.o)
                              ./Core/Src/main.o (rand)
C:/ST/STM32CubeIDE_1.11.2/STM32CubeIDE/plugins/com.st.stm32cube.ide.mcu.externaltools.gnu-tools-for-stm32.12.3.rel1.win32_1.0.100.202403111256/tools/bin/../lib/gcc/arm-none-eabi/12.3.1/../../../../arm-none-eabi/lib/thumb/v7e-m+dp/hard\libc_nano.a(libc_a-findfp.o)
                              C:/ST/STM32CubeIDE_1.11.2/STM32CubeIDE/plugins/com.st.stm32cube.ide.mcu.externaltools.gnu-tools-for-stm32.12.3.rel1.win32_1.0.100.202403111256/tools/bin/../lib/gcc/arm-none-eabi/12.3.1/../../../../arm-none-eabi/lib/thumb/v7e-m+dp/hard\libc_nano.a(libc_a-exit.o) (__stdio_exit_handler)
C:/ST/STM32CubeIDE_1.11.2/STM32CubeIDE/plugins/com.st.stm32cube.ide.mcu.externaltools.gnu-tools-for-stm32.12.3.rel1.win32_1.0.100.202403111256/tools/bin/../lib/gcc/arm-none-eabi/12.3.1/../../../../arm-none-eabi/lib/thumb/v7e-m+dp/hard\libc_nano.a(libc_a-fwalk.o)
                              C:/ST/STM32CubeIDE_1.11.2/STM32CubeIDE/plugins/com.st.stm32cube.ide.mcu.externaltools.gnu-tools-for-stm32.12.3.rel1.win32_1.0.100.202403111256/tools/bin/../lib/gcc/arm-none-eabi/12.3.1/../../../../arm-none-eabi/lib/thumb/v7e-m+dp/hard\libc_nano.a(libc_a-findfp.o) (_fwalk_sglue)
C:/ST/STM32CubeIDE_1.11.2/STM32CubeIDE/plugins/com.st.stm32cube.ide.mcu.externaltools.gnu-tools-for-stm32.12.3.rel1.win32_1.0.100.202403111256/tools/bin/../lib/gcc/arm-none-eabi/12.3.1/../../../../arm-none-eabi/lib/thumb/v7e-m+dp/hard\libc_nano.a(libc_a-printf.o)
                              ./Core/Src/ILI9488.o (printf)
C:/ST/STM32CubeIDE_1.11.2/STM32CubeIDE/plugins/com.st.stm32cube.ide.mcu.externaltools.gnu-tools-for-stm32.12.3.rel1.win32_1.0.100.202403111256/tools/bin/../lib/gcc/arm-none-eabi/12.3.1/../../../../arm-none-eabi/lib/thumb/v7e-m+dp/hard\libc_nano.a(libc_a-snprintf.o)
                              ./Core/Src/main.o (snprintf)
C:/ST/STM32CubeIDE_1.11.2/STM32CubeIDE/plugins/com.st.stm32cube.ide.mcu.externaltools.gnu-tools-for-stm32.12.3.rel1.win32_1.0.100.202403111256/tools/bin/../lib/gcc/arm-none-eabi/12.3.1/../../../../arm-none-eabi/lib/thumb/v7e-m+dp/hard\libc_nano.a(libc_a-sprintf.o)
                              ./Core/Src/main.o (sprintf)
C:/ST/STM32CubeIDE_1.11.2/STM32CubeIDE/plugins/com.st.stm32cube.ide.mcu.externaltools.gnu-tools-for-stm32.12.3.rel1.win32_1.0.100.202403111256/tools/bin/../lib/gcc/arm-none-eabi/12.3.1/../../../../arm-none-eabi/lib/thumb/v7e-m+dp/hard\libc_nano.a(libc_a-stdio.o)
                              C:/ST/STM32CubeIDE_1.11.2/STM32CubeIDE/plugins/com.st.stm32cube.ide.mcu.externaltools.gnu-tools-for-stm32.12.3.rel1.win32_1.0.100.202403111256/tools/bin/../lib/gcc/arm-none-eabi/12.3.1/../../../../arm-none-eabi/lib/thumb/v7e-m+dp/hard\libc_nano.a(libc_a-findfp.o) (__sread)
C:/ST/STM32CubeIDE_1.11.2/STM32CubeIDE/plugins/com.st.stm32cube.ide.mcu.externaltools.gnu-tools-for-stm32.12.3.rel1.win32_1.0.100.202403111256/tools/bin/../lib/gcc/arm-none-eabi/12.3.1/../../../../arm-none-eabi/lib/thumb/v7e-m+dp/hard\libc_nano.a(libc_a-memset.o)
                              C:/ST/STM32CubeIDE_1.11.2/STM32CubeIDE/plugins/com.st.stm32cube.ide.mcu.externaltools.gnu-tools-for-stm32.12.3.rel1.win32_1.0.100.202403111256/tools/bin/../lib/gcc/arm-none-eabi/12.3.1/../../../../arm-none-eabi/lib/thumb/v7e-m+dp/hard/crt0.o (memset)
C:/ST/STM32CubeIDE_1.11.2/STM32CubeIDE/plugins/com.st.stm32cube.ide.mcu.externaltools.gnu-tools-for-stm32.12.3.rel1.win32_1.0.100.202403111256/tools/bin/../lib/gcc/arm-none-eabi/12.3.1/../../../../arm-none-eabi/lib/thumb/v7e-m+dp/hard\libc_nano.a(libc_a-closer.o)
                              C:/ST/STM32CubeIDE_1.11.2/STM32CubeIDE/plugins/com.st.stm32cube.ide.mcu.externaltools.gnu-tools-for-stm32.12.3.rel1.win32_1.0.100.202403111256/tools/bin/../lib/gcc/arm-none-eabi/12.3.1/../../../../arm-none-eabi/lib/thumb/v7e-m+dp/hard\libc_nano.a(libc_a-stdio.o) (_close_r)
C:/ST/STM32CubeIDE_1.11.2/STM32CubeIDE/plugins/com.st.stm32cube.ide.mcu.externaltools.gnu-tools-for-stm32.12.3.rel1.win32_1.0.100.202403111256/tools/bin/../lib/gcc/arm-none-eabi/12.3.1/../../../../arm-none-eabi/lib/thumb/v7e-m+dp/hard\libc_nano.a(libc_a-reent.o)
[...]
Memory Configuration

Name             Origin             Length             Attributes
FLASH            0x08000000         0x00200000         xr
DTCMRAM          0x20000000         0x00020000         xrw
RAM_D1           0x24000000         0x00080000         xrw
RAM_D2           0x30000000         0x00048000         xrw
RAM_D3           0x38000000         0x00010000         xrw
ITCMRAM          0x00000000         0x00010000         xrw
*default*        0x00000000         0xffffffff

Linker script and memory map

LOAD C:/ST/STM32CubeIDE_1.11.2/STM32CubeIDE/plugins/com.st.stm32cube.ide.mcu.externaltools.gnu-tools-for-stm32.12.3.rel1.win32_1.0.100.202403111256/tools/bin/../lib/gcc/arm-none-eabi/12.3.1/thumb/v7e-m+dp/hard/crti.o
LOAD C:/ST/STM32CubeIDE_1.11.2/STM32CubeIDE/plugins/com.st.stm32cube.ide.mcu.externaltools.gnu-tools-for-stm32.12.3.rel1.win32_1.0.100.202403111256/tools/bin/../lib/gcc/arm-none-eabi/12.3.1/thumb/v7e-m+dp/hard/crtbegin.o
LOAD C:/ST/STM32CubeIDE_1.11.2/STM32CubeIDE/plugins/com.st.stm32cube.ide.mcu.externaltools.gnu-tools-for-stm32.12.3.rel1.win32_1.0.100.202403111256/tools/bin/../lib/gcc/arm-none-eabi/12.3.1/../../../../arm-none-eabi/lib/thumb/v7e-m+dp/hard/crt0.o
LOAD ./Core/Src/Font7s.o
LOAD ./Core/Src/ILI9488.o
LOAD ./Core/Src/ND.o
LOAD ./Core/Src/dma.o
LOAD ./Core/Src/font12.o
LOAD ./Core/Src/font16.o
LOAD ./Core/Src/font20.o
LOAD ./Core/Src/font24.o
LOAD ./Core/Src/font8.o
LOAD ./Core/Src/gpio.o
LOAD ./Core/Src/main.o
LOAD ./Core/Src/obd.o
LOAD ./Core/Src/spi.o
LOAD ./Core/Src/stm32h7xx_hal_msp.o
LOAD ./Core/Src/stm32h7xx_it.o
LOAD ./Core/Src/syscalls.o
LOAD ./Core/Src/sysmem.o
LOAD ./Core/Src/system_stm32h7xx.o
LOAD ./Core/Src/tim.o
LOAD ./Core/Startup/startup_stm32h743vitx.o
LOAD ./Drivers/STM32H7xx_HAL_Driver/Src/stm32h7xx_hal.o
LOAD ./Drivers/STM32H7xx_HAL_Driver/Src/stm32h7xx_hal_cortex.o
LOAD ./Drivers/STM32H7xx_HAL_Driver/Src/stm32h7xx_hal_dma.o
LOAD ./Drivers/STM32H7xx_HAL_Driver/Src/stm32h7xx_hal_dma_ex.o
LOAD ./Drivers/STM32H7xx_HAL_Driver/Src/stm32h7xx_hal_exti.o
LOAD ./Drivers/STM32H7xx_HAL_Driver/Src/stm32h7xx_hal_fdcan.o
LOAD ./Drivers/STM32H7xx_HAL_Driver/Src/stm32h7xx_hal_flash.o
LOAD ./Drivers/STM32H7xx_HAL_Driver/Src/stm32h7xx_hal_flash_ex.o
LOAD ./Drivers/STM32H7xx_HAL_Driver/Src/stm32h7xx_hal_gpio.o
LOAD ./Drivers/STM32H7xx_HAL_Driver/Src/stm32h7xx_hal_hsem.o
LOAD ./Drivers/STM32H7xx_HAL_Driver/Src/stm32h7xx_hal_i2c.o
LOAD ./Drivers/STM32H7xx_HAL_Driver/Src/stm32h7xx_hal_i2c_ex.o
LOAD ./Drivers/STM32H7xx_HAL_Driver/Src/stm32h7xx_hal_mdma.o
LOAD ./Drivers/STM32H7xx_HAL_Driver/Src/stm32h7xx_hal_pcd.o
LOAD ./Drivers/STM32H7xx_HAL_Driver/Src/stm32h7xx_hal_pcd_ex.o
LOAD ./Drivers/STM32H7xx_HAL_Driver/Src/stm32h7xx_hal_pwr.o
LOAD ./Drivers/STM32H7xx_HAL_Driver/Src/stm32h7xx_hal_pwr_ex.o
LOAD ./Drivers/STM32H7xx_HAL_Driver/Src/stm32h7xx_hal_rcc.o
LOAD ./Drivers/STM32H7xx_HAL_Driver/Src/stm32h7xx_hal_rcc_ex.o
LOAD ./Drivers/STM32H7xx_HAL_Driver/Src/stm32h7xx_hal_spi.o
LOAD ./Drivers/STM32H7xx_HAL_Driver/Src/stm32h7xx_hal_spi_ex.o
LOAD ./Drivers/STM32H7xx_HAL_Driver/Src/stm32h7xx_hal_tim.o
LOAD ./Drivers/STM32H7xx_HAL_Driver/Src/stm32h7xx_hal_tim_ex.o
LOAD ./Drivers/STM32H7xx_HAL_Driver/Src/stm32h7xx_ll_usb.o
LOAD ./Middlewares/ST/STM32_USB_Device_Library/Class/CDC/Src/usbd_cdc.o
LOAD ./Middlewares/ST/STM32_USB_Device_Library/Core/Src/usbd_core.o
LOAD ./Middlewares/ST/STM32_USB_Device_Library/Core/Src/usbd_ctlreq.o
LOAD ./Middlewares/ST/STM32_USB_Device_Library/Core/Src/usbd_ioreq.o
LOAD ./USB_DEVICE/App/usb_device.o
LOAD ./USB_DEVICE/App/usbd_cdc_if.o
LOAD ./USB_DEVICE/App/usbd_desc.o
LOAD ./USB_DEVICE/Target/usbd_conf.o
START GROUP
LOAD C:/ST/STM32CubeIDE_1.11.2/STM32CubeIDE/plugins/com.st.stm32cube.ide.mcu.externaltools.gnu-tools-for-stm32.12.3.rel1.win32_1.0.100.202403111256/tools/bin/../lib/gcc/arm-none-eabi/12.3.1/../../../../arm-none-eabi/lib/thumb/v7e-m+dp/hard\libc_nano.a
LOAD C:/ST/STM32CubeIDE_1.11.2/STM32CubeIDE/plugins/com.st.stm32cube.ide.mcu.externaltools.gnu-tools-for-stm32.12.3.rel1.win32_1.0.100.202403111256/tools/bin/../lib/gcc/arm-none-eabi/12.3.1/../../../../arm-none-eabi/lib/thumb/v7e-m+dp/hard\libm.a
END GROUP
START GROUP
LOAD C:/ST/STM32CubeIDE_1.11.2/STM32CubeIDE/plugins/com.st.stm32cube.ide.mcu.externaltools.gnu-tools-for-stm32.12.3.rel1.win32_1.0.100.202403111256/tools/bin/../lib/gcc/arm-none-eabi/12.3.1/thumb/v7e-m+dp/hard\libgcc.a
LOAD C:/ST/STM32CubeIDE_1.11.2/STM32CubeIDE/plugins/com.st.stm32cube.ide.mcu.externaltools.gnu-tools-for-stm32.12.3.rel1.win32_1.0.100.202403111256/tools/bin/../lib/gcc/arm-none-eabi/12.3.1/../../../../arm-none-eabi/lib/thumb/v7e-m+dp/hard\libc_nano.a
END GROUP
START GROUP
LOAD C:/ST/STM32CubeIDE_1.11.2/STM32CubeIDE/plugins/com.st.stm32cube.ide.mcu.externaltools.gnu-tools-for-stm32.12.3.rel1.win32_1.0.100.202403111256/tools/bin/../lib/gcc/arm-none-eabi/12.3.1/thumb/v7e-m+dp/hard\libgcc.a
LOAD C:/ST/STM32CubeIDE_1.11.2/STM32CubeIDE/plugins/com.st.stm32cube.ide.mcu.externaltools.gnu-tools-for-stm32.12.3.rel1.win32_1.0.100.202403111256/tools/bin/../lib/gcc/arm-none-eabi/12.3.1/../../../../arm-none-eabi/lib/thumb/v7e-m+dp/hard\libc_nano.a
LOAD C:/ST/STM32CubeIDE_1.11.2/STM32CubeIDE/plugins/com.st.stm32cube.ide.mcu.externaltools.gnu-tools-for-stm32.12.3.rel1.win32_1.0.100.202403111256/tools/bin/../lib/gcc/arm-none-eabi/12.3.1/../../../../arm-none-eabi/lib/thumb/v7e-m+dp/hard\libnosys.a
END GROUP
START GROUP
LOAD C:/ST/STM32CubeIDE_1.11.2/STM32CubeIDE/plugins/com.st.stm32cube.ide.mcu.externaltools.gnu-tools-for-stm32.12.3.rel1.win32_1.0.100.202403111256/tools/bin/../lib/gcc/arm-none-eabi/12.3.1/thumb/v7e-m+dp/hard\libgcc.a
LOAD C:/ST/STM32CubeIDE_1.11.2/STM32CubeIDE/plugins/com.st.stm32cube.ide.mcu.externaltools.gnu-tools-for-stm32.12.3.rel1.win32_1.0.100.202403111256/tools/bin/../lib/gcc/arm-none-eabi/12.3.1/../../../../arm-none-eabi/lib/thumb/v7e-m+dp/hard\libc_nano.a
LOAD C:/ST/STM32CubeIDE_1.11.2/STM32CubeIDE/plugins/com.st.stm32cube.ide.mcu.externaltools.gnu-tools-for-stm32.12.3.rel1.win32_1.0.100.202403111256/tools/bin/../lib/gcc/arm-none-eabi/12.3.1/../../../../arm-none-eabi/lib/thumb/v7e-m+dp/hard\libnosys.a
END GROUP
LOAD C:/ST/STM32CubeIDE_1.11.2/STM32CubeIDE/plugins/com.st.stm32cube.ide.mcu.externaltools.gnu-tools-for-stm32.12.3.rel1.win32_1.0.100.202403111256/tools/bin/../lib/gcc/arm-none-eabi/12.3.1/thumb/v7e-m+dp/hard/crtend.o
LOAD C:/ST/STM32CubeIDE_1.11.2/STM32CubeIDE/plugins/com.st.stm32cube.ide.mcu.externaltools.gnu-tools-for-stm32.12.3.rel1.win32_1.0.100.202403111256/tools/bin/../lib/gcc/arm-none-eabi/12.3.1/thumb/v7e-m+dp/hard/crtn.o
                0x24080000                        _estack = (ORIGIN (RAM_D1) + LENGTH (RAM_D1))
                0x00000200                        _Min_Heap_Size = 0x200
                0x00000400                        _Min_Stack_Size = 0x400

.isr_vector     0x08000000      0x298
                0x08000000                        . = ALIGN (0x4)
 *(.isr_vector)
 .isr_vector    0x08000000      0x298 ./Core/Startup/startup_stm32h743vitx.o
                0x08000000                g_pfnVectors
                0x08000298                        . = ALIGN (0x4)

.text           0x080002a0    0x187dc
                0x080002a0                        . = ALIGN (0x4)
 *(.text)
 .text          0x080002a0       0x40 C:/ST/STM32CubeIDE_1.11.2/STM32CubeIDE/plugins/com.st.stm32cube.ide.mcu.externaltools.gnu-tools-for-stm32.12.3.rel1.win32_1.0.100.202403111256/tools/bin/../lib/gcc/arm-none-eabi/12.3.1/thumb/v7e-m+dp/hard/crtbegin.o
 .text          0x080002e0       0x10 C:/ST/STM32CubeIDE_1.11.2/STM32CubeIDE/plugins/com.st.stm32cube.ide.mcu.externaltools.gnu-tools-for-stm32.12.3.rel1.win32_1.0.100.202403111256/tools/bin/../lib/gcc/arm-none-eabi/12.3.1/../../../../arm-none-eabi/lib/thumb/v7e-m+dp/hard\libc_nano.a(libc_a-strlen.o)
                0x080002e0                strlen
 .text          0x080002f0       0xa0 C:/ST/STM32CubeIDE_1.11.2/STM32CubeIDE/plugins/com.st.stm32cube.ide.mcu.externaltools.gnu-tools-for-stm32.12.3.rel1.win32_1.0.100.202403111256/tools/bin/../lib/gcc/arm-none-eabi/12.3.1/../../../../arm-none-eabi/lib/thumb/v7e-m+dp/hard\libc_nano.a(libc_a-memchr.o)
                0x080002f0                memchr
 *(.text*)
 .text.ILI9488_SendCommand
                0x08000390       0x50 ./Core/Src/ILI9488.o
                0x08000390                ILI9488_SendCommand
 .text.ILI9488_SendData
                0x080003e0       0x50 ./Core/Src/ILI9488.o
                0x080003e0                ILI9488_SendData
 .text.ILI9488_SendData_Multi
                0x08000430       0x88 ./Core/Src/ILI9488.o
                0x08000430                ILI9488_SendData_Multi
 .text.ILI9488_Init
                0x080004b8      0x1d8 ./Core/Src/ILI9488.o
                0x080004b8                ILI9488_Init
 .text.setAddrWindow
                0x08000690       0x90 ./Core/Src/ILI9488.o
                0x08000690                setAddrWindow
 .text.drawPixel
                0x08000720       0x68 ./Core/Src/ILI9488.o
                0x08000720                drawPixel
 .text.drawFastVLine
                0x08000788       0xc0 ./Core/Src/ILI9488.o
                0x08000788                drawFastVLine
 .text.drawFastHLine
                0x08000848       0xc0 ./Core/Src/ILI9488.o
                0x08000848                drawFastHLine
 .text.drawLine
                0x08000908       0xc4 ./Core/Src/ILI9488.o
                0x08000908                drawLine
 .text.writeLine
                0x080009cc      0x146 ./Core/Src/ILI9488.o
                0x080009cc                writeLine
 *fill*         0x08000b12        0x2 
 .text.fillScreen
                0x08000b14       0x34 ./Core/Src/ILI9488.o
                0x08000b14                fillScreen
 .text.fillRect
                0x08000b48      0x254 ./Core/Src/ILI9488.o
                0x08000b48                fillRect
 .text.setRotation
                0x08000d9c       0xb0 ./Core/Src/ILI9488.o
                0x08000d9c                setRotation
 .text.Displ_WChar
                0x08000e4c      0x288 ./Core/Src/ILI9488.o
                0x08000e4c                Displ_WChar
 .text.Displ_WString
                0x080010d4       0x7e ./Core/Src/ILI9488.o
                0x080010d4                Displ_WString
 *fill*         0x08001152        0x2 
 .text.Displ_CString
                0x08001154      0x1f8 ./Core/Src/ILI9488.o
                0x08001154                Displ_CString
 .text.DrawCircle
                0x0800134c      0x17a ./Core/Src/ILI9488.o
                0x0800134c                DrawCircle
 *fill*         0x080014c6        0x2 
 .text.write16BitColor
                0x080014c8       0x98 ./Core/Src/ILI9488.o
                0x080014c8                write16BitColor
 .text.lcdDrawRect
                0x08001560       0x92 ./Core/Src/ILI9488.o
                0x08001560                lcdDrawRect
 *fill*         0x080015f2        0x2 
 .text.ili9488_DisplayOn
                0x080015f4       0x20 ./Core/Src/ILI9488.o
                0x080015f4                ili9488_DisplayOn
 .text.ili9488_DisplayBrightness
                0x08001614       0x28 ./Core/Src/ILI9488.o
                0x08001614                ili9488_DisplayBrightness
 .text.HAL_SPI_TxCpltCallback
                0x0800163c       0x20 ./Core/Src/ILI9488.o
                0x0800163c                HAL_SPI_TxCpltCallback
 .text.MX_DMA_Init
                0x0800165c       0x40 ./Core/Src/dma.o
                0x0800165c                MX_DMA_Init
 .text.MX_GPIO_Init
                0x0800169c      0x1c0 ./Core/Src/gpio.o
                0x0800169c                MX_GPIO_Init
 .text.main     0x0800185c     0x22a8 ./Core/Src/main.o
                0x0800185c                main
 .text.SystemClock_Config
                0x08003b04      0x15c ./Core/Src/main.o
                0x08003b04                SystemClock_Config
 .text.MX_FDCAN1_Init
                0x08003c60      0x108 ./Core/Src/main.o
 .text.HAL_FDCAN_RxFifo0Callback
                0x08003d68     0x1fc4 ./Core/Src/main.o
                0x08003d68                HAL_FDCAN_RxFifo0Callback
 .text.haut     0x08005d2c       0x7c ./Core/Src/main.o
                0x08005d2c                haut
 .text.bas      0x08005da8       0x88 ./Core/Src/main.o
                0x08005da8                bas
 .text.lath     0x08005e30       0x48 ./Core/Src/main.o
                0x08005e30                lath
 .text.lat      0x08005e78       0x48 ./Core/Src/main.o
                0x08005e78                lat
 .text.rand_color
                0x08005ec0       0xac ./Core/Src/main.o
                0x08005ec0                rand_color
 .text.dinam    0x08005f6c       0x70 ./Core/Src/main.o
                0x08005f6c                dinam
 .text.horizanim
                0x08005fdc       0x66 ./Core/Src/main.o
                0x08005fdc                horizanim
 .text.hautanim
                0x08006042       0x5c ./Core/Src/main.o
                0x08006042                hautanim
 .text.horizanimD
                0x0800609e       0x7e ./Core/Src/main.o
                0x0800609e                horizanimD
 .text.chronogramme
                0x0800611c      0x1d4 ./Core/Src/main.o
                0x0800611c                chronogramme
 .text.front_display
                0x080062f0      0x238 ./Core/Src/main.o
                0x080062f0                front_display
 .text.Error_Handler
                0x08006528        0xc ./Core/Src/main.o
                0x08006528                Error_Handler
 *fill*         0x08006534        0x4 
 .text.obd      0x08006538     0x2710 ./Core/Src/obd.o
                0x08006538                obd
 .text.MX_SPI4_Init
                0x08008c48       0xac ./Core/Src/spi.o
                0x08008c48                MX_SPI4_Init
 .text.HAL_SPI_MspInit
                0x08008cf4      0x168 ./Core/Src/spi.o
                0x08008cf4                HAL_SPI_MspInit
 .text.HAL_FDCAN_MspInit
                0x08008e5c       0xe4 ./Core/Src/stm32h7xx_hal_msp.o
                0x08008e5c                HAL_FDCAN_MspInit
 .text.NMI_Handler
                0x08008f40        0x8 ./Core/Src/stm32h7xx_it.o
                0x08008f40                NMI_Handler
 .text.HardFault_Handler
                0x08008f48        0x8 ./Core/Src/stm32h7xx_it.o
                0x08008f48                HardFault_Handler
 .text.MemManage_Handler
                0x08008f50        0x8 ./Core/Src/stm32h7xx_it.o
                0x08008f50                MemManage_Handler
 .text.BusFault_Handler
                0x08008f58        0x8 ./Core/Src/stm32h7xx_it.o
                0x08008f58                BusFault_Handler
 .text.UsageFault_Handler
                0x08008f60        0x8 ./Core/Src/stm32h7xx_it.o
                0x08008f60                UsageFault_Handler
 .text.SVC_Handler
                0x08008f68        0xe ./Core/Src/stm32h7xx_it.o
                0x08008f68                SVC_Handler
 .text.DebugMon_Handler
                0x08008f76        0xe ./Core/Src/stm32h7xx_it.o
                0x08008f76                DebugMon_Handler
 .text.PendSV_Handler
                0x08008f84        0xe ./Core/Src/stm32h7xx_it.o
                0x08008f84                PendSV_Handler
 .text.SysTick_Handler
                0x08008f92        0xc ./Core/Src/stm32h7xx_it.o
                0x08008f92                SysTick_Handler
 *fill*         0x08008f9e        0x2 
 .text.DMA1_Stream0_IRQHandler
                0x08008fa0       0x14 ./Core/Src/stm32h7xx_it.o
                0x08008fa0                DMA1_Stream0_IRQHandler
 .text.FDCAN1_IT0_IRQHandler
                0x08008fb4       0x14 ./Core/Src/stm32h7xx_it.o
                0x08008fb4                FDCAN1_IT0_IRQHandler
 .text.SPI4_IRQHandler
                0x08008fc8       0x14 ./Core/Src/stm32h7xx_it.o
                0x08008fc8                SPI4_IRQHandler
 .text.OTG_FS_IRQHandler
                0x08008fdc       0x14 ./Core/Src/stm32h7xx_it.o
                0x08008fdc                OTG_FS_IRQHandler
 .text._getpid  0x08008ff0       0x10 ./Core/Src/syscalls.o
                0x08008ff0                _getpid
 .text._kill    0x08009000       0x20 ./Core/Src/syscalls.o
                0x08009000                _kill
 .text._exit    0x08009020       0x16 ./Core/Src/syscalls.o
                0x08009020                _exit
 .text._read    0x08009036       0x3a ./Core/Src/syscalls.o
                0x08009036                _read
 .text._write   0x08009070       0x38 ./Core/Src/syscalls.o
                0x08009070                _write
 .text._close   0x080090a8       0x18 ./Core/Src/syscalls.o
                0x080090a8                _close
 .text._fstat   0x080090c0       0x20 ./Core/Src/syscalls.o
                0x080090c0                _fstat
 .text._isatty  0x080090e0       0x16 ./Core/Src/syscalls.o
                0x080090e0                _isatty
 .text._lseek   0x080090f6       0x1a ./Core/Src/syscalls.o
                0x080090f6                _lseek
 .text._sbrk    0x08009110       0x6c ./Core/Src/sysmem.o
                0x08009110                _sbrk
 .text.SystemInit
                0x0800917c      0x110 ./Core/Src/system_stm32h7xx.o
                0x0800917c                SystemInit
 .text.MX_TIM1_Init
                0x0800928c      0x158 ./Core/Src/tim.o
                0x0800928c                MX_TIM1_Init
 .text.HAL_TIM_Base_MspInit
                0x080093e4       0x44 ./Core/Src/tim.o
                0x080093e4                HAL_TIM_Base_MspInit
 .text.HAL_TIM_MspPostInit
                0x08009428       0x78 ./Core/Src/tim.o
                0x08009428                HAL_TIM_MspPostInit
 .text.Reset_Handler
                0x080094a0       0x50 ./Core/Startup/startup_stm32h743vitx.o
                0x080094a0                Reset_Handler
 .text.Default_Handler
                0x080094f0        0x2 ./Core/Startup/startup_stm32h743vitx.o
                0x080094f0                RTC_Alarm_IRQHandler
                0x080094f0                EXTI2_IRQHandler
                0x080094f0                TIM8_CC_IRQHandler
                0x080094f0                HRTIM1_Master_IRQHandler
                0x080094f0                UART8_IRQHandler
                0x080094f0                TIM1_CC_IRQHandler
                0x080094f0                BDMA_Channel6_IRQHandler
                0x080094f0                DMA2_Stream5_IRQHandler
                0x080094f0                HRTIM1_FLT_IRQHandler
                0x080094f0                JPEG_IRQHandler
                0x080094f0                DMA1_Stream5_IRQHandler
                0x080094f0                BDMA_Channel1_IRQHandler
                0x080094f0                HRTIM1_TIMD_IRQHandler
                0x080094f0                TAMP_STAMP_IRQHandler
                0x080094f0                EXTI3_IRQHandler
                0x080094f0                LPTIM4_IRQHandler
                0x080094f0                TIM8_TRG_COM_TIM14_IRQHandler
                0x080094f0                LPTIM2_IRQHandler
                0x080094f0                DFSDM1_FLT1_IRQHandler
                0x080094f0                DMAMUX2_OVR_IRQHandler
                0x080094f0                TIM8_UP_TIM13_IRQHandler
                0x080094f0                I2C3_ER_IRQHandler
                0x080094f0                DFSDM1_FLT2_IRQHandler
                0x080094f0                MDMA_IRQHandler
                0x080094f0                LPTIM3_IRQHandler
                0x080094f0                HSEM1_IRQHandler
                0x080094f0                EXTI0_IRQHandler
                0x080094f0                I2C2_EV_IRQHandler
                0x080094f0                DMA1_Stream2_IRQHandler
                0x080094f0                FPU_IRQHandler
                0x080094f0                OTG_HS_WKUP_IRQHandler
                0x080094f0                FDCAN1_IT1_IRQHandler
                0x080094f0                LTDC_ER_IRQHandler
                0x080094f0                DMA2_Stream2_IRQHandler
                0x080094f0                HRTIM1_TIME_IRQHandler
                0x080094f0                SPI1_IRQHandler
                0x080094f0                TIM6_DAC_IRQHandler
                0x080094f0                DCMI_IRQHandler
                0x080094f0                HRTIM1_TIMC_IRQHandler
                0x080094f0                DMA2_Stream3_IRQHandler
                0x080094f0                SAI2_IRQHandler
                0x080094f0                DFSDM1_FLT3_IRQHandler
                0x080094f0                USART6_IRQHandler
                0x080094f0                TIM17_IRQHandler
                0x080094f0                USART3_IRQHandler
                0x080094f0                BDMA_Channel7_IRQHandler
                0x080094f0                LPTIM5_IRQHandler
                0x080094f0                UART5_IRQHandler
                0x080094f0                ADC3_IRQHandler
                0x080094f0                DMA2_Stream0_IRQHandler
                0x080094f0                TIM4_IRQHandler
                0x080094f0                BDMA_Channel2_IRQHandler
                0x080094f0                QUADSPI_IRQHandler
                0x080094f0                I2C1_EV_IRQHandler
                0x080094f0                DMA1_Stream6_IRQHandler
                0x080094f0                DMAMUX1_OVR_IRQHandler
                0x080094f0                DMA1_Stream1_IRQHandler
                0x080094f0                TIM16_IRQHandler
                0x080094f0                UART4_IRQHandler
                0x080094f0                BDMA_Channel5_IRQHandler
                0x080094f0                TIM3_IRQHandler
                0x080094f0                RCC_IRQHandler
                0x080094f0                TIM8_BRK_TIM12_IRQHandler
                0x080094f0                TIM1_TRG_COM_IRQHandler
                0x080094f0                Default_Handler
                0x080094f0                ECC_IRQHandler
                0x080094f0                CEC_IRQHandler
                0x080094f0                EXTI15_10_IRQHandler
                0x080094f0                BDMA_Channel0_IRQHandler
                0x080094f0                ADC_IRQHandler
                0x080094f0                DMA1_Stream7_IRQHandler
                0x080094f0                HRTIM1_TIMA_IRQHandler
                0x080094f0                SPI5_IRQHandler
                0x080094f0                TIM7_IRQHandler
                0x080094f0                SDMMC1_IRQHandler
                0x080094f0                TIM5_IRQHandler
                0x080094f0                DMA2_Stream7_IRQHandler
                0x080094f0                TIM15_IRQHandler
                0x080094f0                PVD_AVD_IRQHandler
                0x080094f0                I2C3_EV_IRQHandler
                0x080094f0                EXTI9_5_IRQHandler
                0x080094f0                RTC_WKUP_IRQHandler
                0x080094f0                LTDC_IRQHandler
                0x080094f0                SAI3_IRQHandler
                0x080094f0                ETH_WKUP_IRQHandler
                0x080094f0                SPDIF_RX_IRQHandler
                0x080094f0                SPI2_IRQHandler
                0x080094f0                OTG_HS_EP1_IN_IRQHandler
                0x080094f0                CRS_IRQHandler
                0x080094f0                EXTI4_IRQHandler
                0x080094f0                RNG_IRQHandler
                0x080094f0                HRTIM1_TIMB_IRQHandler
                0x080094f0                FDCAN2_IT1_IRQHandler
                0x080094f0                ETH_IRQHandler
                0x080094f0                TIM1_UP_IRQHandler
                0x080094f0                BDMA_Channel4_IRQHandler
                0x080094f0                OTG_HS_EP1_OUT_IRQHandler
                0x080094f0                WWDG_IRQHandler
                0x080094f0                SPI6_IRQHandler
                0x080094f0                MDIOS_IRQHandler
                0x080094f0                I2C4_EV_IRQHandler
                0x080094f0                FDCAN2_IT0_IRQHandler
                0x080094f0                LPUART1_IRQHandler
                0x080094f0                TIM2_IRQHandler
                0x080094f0                OTG_FS_WKUP_IRQHandler
                0x080094f0                OTG_HS_IRQHandler
                0x080094f0                DMA2D_IRQHandler
                0x080094f0                TIM1_BRK_IRQHandler
                0x080094f0                EXTI1_IRQHandler
                0x080094f0                SDMMC2_IRQHandler
                0x080094f0                OTG_FS_EP1_OUT_IRQHandler
                0x080094f0                BDMA_Channel3_IRQHandler
                0x080094f0                UART7_IRQHandler
                0x080094f0                MDIOS_WKUP_IRQHandler
                0x080094f0                USART2_IRQHandler
                0x080094f0                DFSDM1_FLT0_IRQHandler
                0x080094f0                SAI4_IRQHandler
                0x080094f0                I2C2_ER_IRQHandler
                0x080094f0                DMA2_Stream1_IRQHandler
                0x080094f0                FLASH_IRQHandler
                0x080094f0                DMA2_Stream4_IRQHandler
                0x080094f0                USART1_IRQHandler
                0x080094f0                SPI3_IRQHandler
                0x080094f0                WAKEUP_PIN_IRQHandler
                0x080094f0                DMA1_Stream4_IRQHandler
                0x080094f0                OTG_FS_EP1_IN_IRQHandler
                0x080094f0                I2C1_ER_IRQHandler
                0x080094f0                FMC_IRQHandler
                0x080094f0                FDCAN_CAL_IRQHandler
                0x080094f0                SWPMI1_IRQHandler
                0x080094f0                COMP1_IRQHandler
                0x080094f0                LPTIM1_IRQHandler
                0x080094f0                I2C4_ER_IRQHandler
                0x080094f0                DMA2_Stream6_IRQHandler
                0x080094f0                SAI1_IRQHandler
                0x080094f0                DMA1_Stream3_IRQHandler
 *fill*         0x080094f2        0x2 
 .text.HAL_Init
                0x080094f4       0x78 ./Drivers/STM32H7xx_HAL_Driver/Src/stm32h7xx_hal.o
                0x080094f4                HAL_Init
 .text.HAL_MspInit
                0x0800956c        0xe ./Drivers/STM32H7xx_HAL_Driver/Src/stm32h7xx_hal.o
                0x0800956c                HAL_MspInit
 *fill*         0x0800957a        0x2 
 .text.HAL_InitTick
                0x0800957c       0x6c ./Drivers/STM32H7xx_HAL_Driver/Src/stm32h7xx_hal.o
                0x0800957c                HAL_InitTick
 .text.HAL_IncTick
                0x080095e8       0x28 ./Drivers/STM32H7xx_HAL_Driver/Src/stm32h7xx_hal.o
                0x080095e8                HAL_IncTick
 .text.HAL_GetTick
                0x08009610       0x18 ./Drivers/STM32H7xx_HAL_Driver/Src/stm32h7xx_hal.o
                0x08009610                HAL_GetTick
 .text.HAL_Delay
                0x08009628       0x48 ./Drivers/STM32H7xx_HAL_Driver/Src/stm32h7xx_hal.o
                0x08009628                HAL_Delay
 .text.HAL_GetREVID
                0x08009670       0x18 ./Drivers/STM32H7xx_HAL_Driver/Src/stm32h7xx_hal.o
                0x08009670                HAL_GetREVID
 .text.__NVIC_SetPriorityGrouping
                0x08009688       0x48 ./Drivers/STM32H7xx_HAL_Driver/Src/stm32h7xx_hal_cortex.o
 .text.__NVIC_GetPriorityGrouping
                0x080096d0       0x1c ./Drivers/STM32H7xx_HAL_Driver/Src/stm32h7xx_hal_cortex.o
 .text.__NVIC_EnableIRQ
                0x080096ec       0x3c ./Drivers/STM32H7xx_HAL_Driver/Src/stm32h7xx_hal_cortex.o
 .text.__NVIC_SetPriority
                0x08009728       0x54 ./Drivers/STM32H7xx_HAL_Driver/Src/stm32h7xx_hal_cortex.o
 .text.NVIC_EncodePriority
                0x0800977c       0x66 ./Drivers/STM32H7xx_HAL_Driver/Src/stm32h7xx_hal_cortex.o
 *fill*         0x080097e2        0x2 
 .text.SysTick_Config
                0x080097e4       0x44 ./Drivers/STM32H7xx_HAL_Driver/Src/stm32h7xx_hal_cortex.o
 .text.HAL_NVIC_SetPriorityGrouping
                0x08009828       0x16 ./Drivers/STM32H7xx_HAL_Driver/Src/stm32h7xx_hal_cortex.o
                0x08009828                HAL_NVIC_SetPriorityGrouping
 .text.HAL_NVIC_SetPriority
                0x0800983e       0x34 ./Drivers/STM32H7xx_HAL_Driver/Src/stm32h7xx_hal_cortex.o
                0x0800983e                HAL_NVIC_SetPriority
 .text.HAL_NVIC_EnableIRQ
                0x08009872       0x1c ./Drivers/STM32H7xx_HAL_Driver/Src/stm32h7xx_hal_cortex.o
                0x08009872                HAL_NVIC_EnableIRQ
 .text.HAL_SYSTICK_Config
                0x0800988e       0x18 ./Drivers/STM32H7xx_HAL_Driver/Src/stm32h7xx_hal_cortex.o
                0x0800988e                HAL_SYSTICK_Config
 *fill*         0x080098a6        0x2 
 .text.HAL_DMA_Init
                0x080098a8      0x6b8 ./Drivers/STM32H7xx_HAL_Driver/Src/stm32h7xx_hal_dma.o
                0x080098a8                HAL_DMA_Init
 .text.HAL_DMA_Start_IT
                0x08009f60      0x4d4 ./Drivers/STM32H7xx_HAL_Driver/Src/stm32h7xx_hal_dma.o
                0x08009f60                HAL_DMA_Start_IT
 .text.HAL_DMA_Abort_IT
                0x0800a434      0x48c ./Drivers/STM32H7xx_HAL_Driver/Src/stm32h7xx_hal_dma.o
                0x0800a434                HAL_DMA_Abort_IT
 .text.HAL_DMA_IRQHandler
                0x0800a8c0      0xe54 ./Drivers/STM32H7xx_HAL_Driver/Src/stm32h7xx_hal_dma.o
                0x0800a8c0                HAL_DMA_IRQHandler
 .text.HAL_DMA_GetError
                0x0800b714       0x18 ./Drivers/STM32H7xx_HAL_Driver/Src/stm32h7xx_hal_dma.o
                0x0800b714                HAL_DMA_GetError
 .text.DMA_SetConfig
                0x0800b72c      0x358 ./Drivers/STM32H7xx_HAL_Driver/Src/stm32h7xx_hal_dma.o
 .text.DMA_CalcBaseAndBitshift
                0x0800ba84      0x164 ./Drivers/STM32H7xx_HAL_Driver/Src/stm32h7xx_hal_dma.o
 .text.DMA_CheckFifoParam
                0x0800bbe8       0xf8 ./Drivers/STM32H7xx_HAL_Driver/Src/stm32h7xx_hal_dma.o
 .text.DMA_CalcDMAMUXChannelBaseAndMask
                0x0800bce0      0x134 ./Drivers/STM32H7xx_HAL_Driver/Src/stm32h7xx_hal_dma.o
 .text.DMA_CalcDMAMUXRequestGenBaseAndMask
                0x0800be14       0xe8 ./Drivers/STM32H7xx_HAL_Driver/Src/stm32h7xx_hal_dma.o
 .text.HAL_FDCAN_Init
                0x0800befc      0x3bc ./Drivers/STM32H7xx_HAL_Driver/Src/stm32h7xx_hal_fdcan.o
                0x0800befc                HAL_FDCAN_Init
 .text.HAL_FDCAN_ConfigFilter
                0x0800c2b8       0xec ./Drivers/STM32H7xx_HAL_Driver/Src/stm32h7xx_hal_fdcan.o
                0x0800c2b8                HAL_FDCAN_ConfigFilter
 .text.HAL_FDCAN_Start
                0x0800c3a4       0x56 ./Drivers/STM32H7xx_HAL_Driver/Src/stm32h7xx_hal_fdcan.o
                0x0800c3a4                HAL_FDCAN_Start
 .text.HAL_FDCAN_Stop
                0x0800c3fa       0xee ./Drivers/STM32H7xx_HAL_Driver/Src/stm32h7xx_hal_fdcan.o
                0x0800c3fa                HAL_FDCAN_Stop
 .text.HAL_FDCAN_AddMessageToTxFifoQ
                0x0800c4e8       0xb6 ./Drivers/STM32H7xx_HAL_Driver/Src/stm32h7xx_hal_fdcan.o
                0x0800c4e8                HAL_FDCAN_AddMessageToTxFifoQ
 *fill*         0x0800c59e        0x2 
 .text.HAL_FDCAN_GetRxMessage
                0x0800c5a0      0x2dc ./Drivers/STM32H7xx_HAL_Driver/Src/stm32h7xx_hal_fdcan.o
                0x0800c5a0                HAL_FDCAN_GetRxMessage
 .text.HAL_FDCAN_ActivateNotification
                0x0800c87c       0xf4 ./Drivers/STM32H7xx_HAL_Driver/Src/stm32h7xx_hal_fdcan.o
                0x0800c87c                HAL_FDCAN_ActivateNotification
 .text.HAL_FDCAN_TT_DeactivateNotification
                0x0800c970       0x98 ./Drivers/STM32H7xx_HAL_Driver/Src/stm32h7xx_hal_fdcan.o
                0x0800c970                HAL_FDCAN_TT_DeactivateNotification
 .text.HAL_FDCAN_IRQHandler
                0x0800ca08      0x498 ./Drivers/STM32H7xx_HAL_Driver/Src/stm32h7xx_hal_fdcan.o
                0x0800ca08                HAL_FDCAN_IRQHandler
 .text.HAL_FDCAN_ClockCalibrationCallback
                0x0800cea0       0x16 ./Drivers/STM32H7xx_HAL_Driver/Src/stm32h7xx_hal_fdcan.o
                0x0800cea0                HAL_FDCAN_ClockCalibrationCallback
 .text.HAL_FDCAN_TxEventFifoCallback
                0x0800ceb6       0x16 ./Drivers/STM32H7xx_HAL_Driver/Src/stm32h7xx_hal_fdcan.o
                0x0800ceb6                HAL_FDCAN_TxEventFifoCallback
 .text.HAL_FDCAN_RxFifo1Callback
                0x0800cecc       0x16 ./Drivers/STM32H7xx_HAL_Driver/Src/stm32h7xx_hal_fdcan.o
                0x0800cecc                HAL_FDCAN_RxFifo1Callback
 .text.HAL_FDCAN_TxFifoEmptyCallback
                0x0800cee2       0x14 ./Drivers/STM32H7xx_HAL_Driver/Src/stm32h7xx_hal_fdcan.o
                0x0800cee2                HAL_FDCAN_TxFifoEmptyCallback
 .text.HAL_FDCAN_TxBufferCompleteCallback
                0x0800cef6       0x16 ./Drivers/STM32H7xx_HAL_Driver/Src/stm32h7xx_hal_fdcan.o
                0x0800cef6                HAL_FDCAN_TxBufferCompleteCallback
 .text.HAL_FDCAN_TxBufferAbortCallback
                0x0800cf0c       0x16 ./Drivers/STM32H7xx_HAL_Driver/Src/stm32h7xx_hal_fdcan.o
                0x0800cf0c                HAL_FDCAN_TxBufferAbortCallback
 .text.HAL_FDCAN_RxBufferNewMessageCallback
                0x0800cf22       0x14 ./Drivers/STM32H7xx_HAL_Driver/Src/stm32h7xx_hal_fdcan.o
                0x0800cf22                HAL_FDCAN_RxBufferNewMessageCallback
 .text.HAL_FDCAN_TimestampWraparoundCallback
                0x0800cf36       0x14 ./Drivers/STM32H7xx_HAL_Driver/Src/stm32h7xx_hal_fdcan.o
                0x0800cf36                HAL_FDCAN_TimestampWraparoundCallback
 .text.HAL_FDCAN_TimeoutOccurredCallback
                0x0800cf4a       0x14 ./Drivers/STM32H7xx_HAL_Driver/Src/stm32h7xx_hal_fdcan.o
                0x0800cf4a                HAL_FDCAN_TimeoutOccurredCallback
 .text.HAL_FDCAN_HighPriorityMessageCallback
                0x0800cf5e       0x14 ./Drivers/STM32H7xx_HAL_Driver/Src/stm32h7xx_hal_fdcan.o
                0x0800cf5e                HAL_FDCAN_HighPriorityMessageCallback
 .text.HAL_FDCAN_ErrorCallback
                0x0800cf72       0x14 ./Drivers/STM32H7xx_HAL_Driver/Src/stm32h7xx_hal_fdcan.o
                0x0800cf72                HAL_FDCAN_ErrorCallback
 .text.HAL_FDCAN_ErrorStatusCallback
                0x0800cf86       0x16 ./Drivers/STM32H7xx_HAL_Driver/Src/stm32h7xx_hal_fdcan.o
                0x0800cf86                HAL_FDCAN_ErrorStatusCallback
 .text.HAL_FDCAN_TT_ScheduleSyncCallback
                0x0800cf9c       0x16 ./Drivers/STM32H7xx_HAL_Driver/Src/stm32h7xx_hal_fdcan.o
                0x0800cf9c                HAL_FDCAN_TT_ScheduleSyncCallback
 .text.HAL_FDCAN_TT_TimeMarkCallback
                0x0800cfb2       0x16 ./Drivers/STM32H7xx_HAL_Driver/Src/stm32h7xx_hal_fdcan.o
                0x0800cfb2                HAL_FDCAN_TT_TimeMarkCallback
 .text.HAL_FDCAN_TT_StopWatchCallback
                0x0800cfc8       0x18 ./Drivers/STM32H7xx_HAL_Driver/Src/stm32h7xx_hal_fdcan.o
                0x0800cfc8                HAL_FDCAN_TT_StopWatchCallback
 .text.HAL_FDCAN_TT_GlobalTimeCallback
                0x0800cfe0       0x16 ./Drivers/STM32H7xx_HAL_Driver/Src/stm32h7xx_hal_fdcan.o
                0x0800cfe0                HAL_FDCAN_TT_GlobalTimeCallback
 *fill*         0x0800cff6        0x2 
 .text.FDCAN_CalcultateRamBlockAddresses
                0x0800cff8      0x30c ./Drivers/STM32H7xx_HAL_Driver/Src/stm32h7xx_hal_fdcan.o
 .text.FDCAN_CopyMessageToRAM
                0x0800d304       0xfc ./Drivers/STM32H7xx_HAL_Driver/Src/stm32h7xx_hal_fdcan.o
 .text.HAL_GPIO_Init
                0x0800d400      0x360 ./Drivers/STM32H7xx_HAL_Driver/Src/stm32h7xx_hal_gpio.o
                0x0800d400                HAL_GPIO_Init
 .text.HAL_GPIO_WritePin
                0x0800d760       0x32 ./Drivers/STM32H7xx_HAL_Driver/Src/stm32h7xx_hal_gpio.o
                0x0800d760                HAL_GPIO_WritePin
 .text.HAL_PCD_Init
                0x0800d792      0x248 ./Drivers/STM32H7xx_HAL_Driver/Src/stm32h7xx_hal_pcd.o
                0x0800d792                HAL_PCD_Init
 .text.HAL_PCD_Start
                0x0800d9da       0x6a ./Drivers/STM32H7xx_HAL_Driver/Src/stm32h7xx_hal_pcd.o
                0x0800d9da                HAL_PCD_Start
 .text.HAL_PCD_IRQHandler
                0x0800da44      0x998 ./Drivers/STM32H7xx_HAL_Driver/Src/stm32h7xx_hal_pcd.o
                0x0800da44                HAL_PCD_IRQHandler
 .text.HAL_PCD_SetAddress
                0x0800e3dc       0x4a ./Drivers/STM32H7xx_HAL_Driver/Src/stm32h7xx_hal_pcd.o
                0x0800e3dc                HAL_PCD_SetAddress
 .text.HAL_PCD_EP_Open
                0x0800e426       0xd0 ./Drivers/STM32H7xx_HAL_Driver/Src/stm32h7xx_hal_pcd.o
                0x0800e426                HAL_PCD_EP_Open
 .text.HAL_PCD_EP_Close
                0x0800e4f6       0x94 ./Drivers/STM32H7xx_HAL_Driver/Src/stm32h7xx_hal_pcd.o
                0x0800e4f6                HAL_PCD_EP_Close
 .text.HAL_PCD_EP_Receive
                0x0800e58a       0x78 ./Drivers/STM32H7xx_HAL_Driver/Src/stm32h7xx_hal_pcd.o
                0x0800e58a                HAL_PCD_EP_Receive
 .text.HAL_PCD_EP_GetRxCount
                0x0800e602       0x30 ./Drivers/STM32H7xx_HAL_Driver/Src/stm32h7xx_hal_pcd.o
                0x0800e602                HAL_PCD_EP_GetRxCount
 .text.HAL_PCD_EP_Transmit
                0x0800e632       0x76 ./Drivers/STM32H7xx_HAL_Driver/Src/stm32h7xx_hal_pcd.o
                0x0800e632                HAL_PCD_EP_Transmit
 .text.HAL_PCD_EP_SetStall
                0x0800e6a8       0xc8 ./Drivers/STM32H7xx_HAL_Driver/Src/stm32h7xx_hal_pcd.o
                0x0800e6a8                HAL_PCD_EP_SetStall
 .text.HAL_PCD_EP_ClrStall
                0x0800e770       0xac ./Drivers/STM32H7xx_HAL_Driver/Src/stm32h7xx_hal_pcd.o
                0x0800e770                HAL_PCD_EP_ClrStall
 .text.HAL_PCD_EP_Abort
                0x0800e81c       0x62 ./Drivers/STM32H7xx_HAL_Driver/Src/stm32h7xx_hal_pcd.o
                0x0800e81c                HAL_PCD_EP_Abort
 .text.PCD_WriteEmptyTxFifo
                0x0800e87e      0x11a ./Drivers/STM32H7xx_HAL_Driver/Src/stm32h7xx_hal_pcd.o
 .text.PCD_EP_OutXfrComplete_int
                0x0800e998      0x1d0 ./Drivers/STM32H7xx_HAL_Driver/Src/stm32h7xx_hal_pcd.o
 .text.PCD_EP_OutSetupPacket_int
                0x0800eb68       0x8c ./Drivers/STM32H7xx_HAL_Driver/Src/stm32h7xx_hal_pcd.o
 .text.HAL_PCDEx_SetTxFiFo
                0x0800ebf4       0x8e ./Drivers/STM32H7xx_HAL_Driver/Src/stm32h7xx_hal_pcd_ex.o
                0x0800ebf4                HAL_PCDEx_SetTxFiFo
 .text.HAL_PCDEx_SetRxFiFo
                0x0800ec82       0x22 ./Drivers/STM32H7xx_HAL_Driver/Src/stm32h7xx_hal_pcd_ex.o
                0x0800ec82                HAL_PCDEx_SetRxFiFo
 .text.HAL_PCDEx_ActivateLPM
                0x0800eca4       0x48 ./Drivers/STM32H7xx_HAL_Driver/Src/stm32h7xx_hal_pcd_ex.o
                0x0800eca4                HAL_PCDEx_ActivateLPM
 .text.HAL_PCDEx_LPM_Callback
                0x0800ecec       0x18 ./Drivers/STM32H7xx_HAL_Driver/Src/stm32h7xx_hal_pcd_ex.o
                0x0800ecec                HAL_PCDEx_LPM_Callback
 .text.HAL_PWREx_ConfigSupply
                0x0800ed04       0x74 ./Drivers/STM32H7xx_HAL_Driver/Src/stm32h7xx_hal_pwr_ex.o
                0x0800ed04                HAL_PWREx_ConfigSupply
 .text.HAL_PWREx_EnableUSBVoltageDetector
                0x0800ed78       0x20 ./Drivers/STM32H7xx_HAL_Driver/Src/stm32h7xx_hal_pwr_ex.o
                0x0800ed78                HAL_PWREx_EnableUSBVoltageDetector
 .text.HAL_RCC_OscConfig
                0x0800ed98      0x8b4 ./Drivers/STM32H7xx_HAL_Driver/Src/stm32h7xx_hal_rcc.o
                0x0800ed98                HAL_RCC_OscConfig
 .text.HAL_RCC_ClockConfig
                0x0800f64c      0x36c ./Drivers/STM32H7xx_HAL_Driver/Src/stm32h7xx_hal_rcc.o
                0x0800f64c                HAL_RCC_ClockConfig
 .text.HAL_RCC_GetSysClockFreq
                0x0800f9b8      0x2f4 ./Drivers/STM32H7xx_HAL_Driver/Src/stm32h7xx_hal_rcc.o
                0x0800f9b8                HAL_RCC_GetSysClockFreq
 .text.HAL_RCC_GetHCLKFreq
                0x0800fcac       0x60 ./Drivers/STM32H7xx_HAL_Driver/Src/stm32h7xx_hal_rcc.o
                0x0800fcac                HAL_RCC_GetHCLKFreq
 .text.HAL_RCCEx_PeriphCLKConfig
                0x0800fd0c     0x1414 ./Drivers/STM32H7xx_HAL_Driver/Src/stm32h7xx_hal_rcc_ex.o
                0x0800fd0c                HAL_RCCEx_PeriphCLKConfig
 .text.RCCEx_PLL2_Config
                0x08011120      0x164 ./Drivers/STM32H7xx_HAL_Driver/Src/stm32h7xx_hal_rcc_ex.o
 .text.RCCEx_PLL3_Config
                0x08011284      0x164 ./Drivers/STM32H7xx_HAL_Driver/Src/stm32h7xx_hal_rcc_ex.o
 .text.HAL_SPI_Init
                0x080113e8      0x248 ./Drivers/STM32H7xx_HAL_Driver/Src/stm32h7xx_hal_spi.o
                0x080113e8                HAL_SPI_Init
 .text.HAL_SPI_Transmit
                0x08011630      0x3f8 ./Drivers/STM32H7xx_HAL_Driver/Src/stm32h7xx_hal_spi.o
                0x08011630                HAL_SPI_Transmit
 .text.HAL_SPI_Transmit_DMA
                0x08011a28      0x2a8 ./Drivers/STM32H7xx_HAL_Driver/Src/stm32h7xx_hal_spi.o
                0x08011a28                HAL_SPI_Transmit_DMA
 .text.HAL_SPI_IRQHandler
                0x08011cd0      0x39c ./Drivers/STM32H7xx_HAL_Driver/Src/stm32h7xx_hal_spi.o
                0x08011cd0                HAL_SPI_IRQHandler
 .text.HAL_SPI_RxCpltCallback
                0x0801206c       0x14 ./Drivers/STM32H7xx_HAL_Driver/Src/stm32h7xx_hal_spi.o
                0x0801206c                HAL_SPI_RxCpltCallback
 .text.HAL_SPI_TxRxCpltCallback
                0x08012080       0x14 ./Drivers/STM32H7xx_HAL_Driver/Src/stm32h7xx_hal_spi.o
                0x08012080                HAL_SPI_TxRxCpltCallback
 .text.HAL_SPI_TxHalfCpltCallback
                0x08012094       0x14 ./Drivers/STM32H7xx_HAL_Driver/Src/stm32h7xx_hal_spi.o
                0x08012094                HAL_SPI_TxHalfCpltCallback
 .text.HAL_SPI_ErrorCallback
                0x080120a8       0x14 ./Drivers/STM32H7xx_HAL_Driver/Src/stm32h7xx_hal_spi.o
                0x080120a8                HAL_SPI_ErrorCallback
 .text.HAL_SPI_SuspendCallback
                0x080120bc       0x14 ./Drivers/STM32H7xx_HAL_Driver/Src/stm32h7xx_hal_spi.o
                0x080120bc                HAL_SPI_SuspendCallback
 .text.SPI_DMATransmitCplt
                0x080120d0       0x46 ./Drivers/STM32H7xx_HAL_Driver/Src/stm32h7xx_hal_spi.o
 .text.SPI_DMAHalfTransmitCplt
                0x08012116       0x1c ./Drivers/STM32H7xx_HAL_Driver/Src/stm32h7xx_hal_spi.o
 .text.SPI_DMAError
                0x08012132       0x46 ./Drivers/STM32H7xx_HAL_Driver/Src/stm32h7xx_hal_spi.o
 .text.SPI_DMAAbortOnError
                0x08012178       0x34 ./Drivers/STM32H7xx_HAL_Driver/Src/stm32h7xx_hal_spi.o
 .text.SPI_CloseTransfer
                0x080121ac      0x140 ./Drivers/STM32H7xx_HAL_Driver/Src/stm32h7xx_hal_spi.o
 .text.SPI_WaitOnFlagUntilTimeout
                0x080122ec       0x5c ./Drivers/STM32H7xx_HAL_Driver/Src/stm32h7xx_hal_spi.o
 .text.SPI_GetPacketSize
                0x08012348       0x36 ./Drivers/STM32H7xx_HAL_Driver/Src/stm32h7xx_hal_spi.o
 .text.HAL_TIM_Base_Init
                0x0801237e       0xae ./Drivers/STM32H7xx_HAL_Driver/Src/stm32h7xx_hal_tim.o
                0x0801237e                HAL_TIM_Base_Init
 .text.HAL_TIM_PWM_Init
                0x0801242c       0xae ./Drivers/STM32H7xx_HAL_Driver/Src/stm32h7xx_hal_tim.o
                0x0801242c                HAL_TIM_PWM_Init
 .text.HAL_TIM_PWM_MspInit
                0x080124da       0x14 ./Drivers/STM32H7xx_HAL_Driver/Src/stm32h7xx_hal_tim.o
                0x080124da                HAL_TIM_PWM_MspInit
 *fill*         0x080124ee        0x2 
 .text.HAL_TIM_PWM_Start
                0x080124f0      0x21c ./Drivers/STM32H7xx_HAL_Driver/Src/stm32h7xx_hal_tim.o
                0x080124f0                HAL_TIM_PWM_Start
 .text.HAL_TIM_PWM_ConfigChannel
                0x0801270c      0x228 ./Drivers/STM32H7xx_HAL_Driver/Src/stm32h7xx_hal_tim.o
                0x0801270c                HAL_TIM_PWM_ConfigChannel
 .text.HAL_TIM_ConfigClockSource
                0x08012934      0x1f0 ./Drivers/STM32H7xx_HAL_Driver/Src/stm32h7xx_hal_tim.o
                0x08012934                HAL_TIM_ConfigClockSource
 .text.TIM_Base_SetConfig
                0x08012b24      0x134 ./Drivers/STM32H7xx_HAL_Driver/Src/stm32h7xx_hal_tim.o
                0x08012b24                TIM_Base_SetConfig
 .text.TIM_OC1_SetConfig
                0x08012c58      0x120 ./Drivers/STM32H7xx_HAL_Driver/Src/stm32h7xx_hal_tim.o
 .text.TIM_OC2_SetConfig
                0x08012d78      0x114 ./Drivers/STM32H7xx_HAL_Driver/Src/stm32h7xx_hal_tim.o
                0x08012d78                TIM_OC2_SetConfig
 .text.TIM_OC3_SetConfig
                0x08012e8c      0x110 ./Drivers/STM32H7xx_HAL_Driver/Src/stm32h7xx_hal_tim.o
 .text.TIM_OC4_SetConfig
                0x08012f9c       0xd4 ./Drivers/STM32H7xx_HAL_Driver/Src/stm32h7xx_hal_tim.o
 .text.TIM_OC5_SetConfig
                0x08013070       0xc8 ./Drivers/STM32H7xx_HAL_Driver/Src/stm32h7xx_hal_tim.o
 .text.TIM_OC6_SetConfig
                0x08013138       0xcc ./Drivers/STM32H7xx_HAL_Driver/Src/stm32h7xx_hal_tim.o
 .text.TIM_TI1_ConfigInputStage
                0x08013204       0x5e ./Drivers/STM32H7xx_HAL_Driver/Src/stm32h7xx_hal_tim.o
 .text.TIM_TI2_ConfigInputStage
                0x08013262       0x60 ./Drivers/STM32H7xx_HAL_Driver/Src/stm32h7xx_hal_tim.o
 *fill*         0x080132c2        0x2 
 .text.TIM_ITRx_SetConfig
                0x080132c4       0x3c ./Drivers/STM32H7xx_HAL_Driver/Src/stm32h7xx_hal_tim.o
 .text.TIM_ETR_SetConfig
                0x08013300       0x40 ./Drivers/STM32H7xx_HAL_Driver/Src/stm32h7xx_hal_tim.o
                0x08013300                TIM_ETR_SetConfig
 .text.TIM_CCxChannelCmd
                0x08013340       0x4a ./Drivers/STM32H7xx_HAL_Driver/Src/stm32h7xx_hal_tim.o
                0x08013340                TIM_CCxChannelCmd
 *fill*         0x0801338a        0x2 
 .text.HAL_TIMEx_MasterConfigSynchronization
                0x0801338c      0x11c ./Drivers/STM32H7xx_HAL_Driver/Src/stm32h7xx_hal_tim_ex.o
                0x0801338c                HAL_TIMEx_MasterConfigSynchronization
 .text.HAL_TIMEx_ConfigBreakDeadTime
                0x080134a8       0xfc ./Drivers/STM32H7xx_HAL_Driver/Src/stm32h7xx_hal_tim_ex.o
                0x080134a8                HAL_TIMEx_ConfigBreakDeadTime
 .text.USB_CoreInit
                0x080135a4       0xdc ./Drivers/STM32H7xx_HAL_Driver/Src/stm32h7xx_ll_usb.o
                0x080135a4                USB_CoreInit
 .text.USB_SetTurnaroundTime
                0x08013680      0x144 ./Drivers/STM32H7xx_HAL_Driver/Src/stm32h7xx_ll_usb.o
                0x08013680                USB_SetTurnaroundTime
 .text.USB_EnableGlobalInt
                0x080137c4       0x22 ./Drivers/STM32H7xx_HAL_Driver/Src/stm32h7xx_ll_usb.o
                0x080137c4                USB_EnableGlobalInt
 .text.USB_DisableGlobalInt
                0x080137e6       0x22 ./Drivers/STM32H7xx_HAL_Driver/Src/stm32h7xx_ll_usb.o
                0x080137e6                USB_DisableGlobalInt
 .text.USB_SetCurrentMode
                0x08013808       0x98 ./Drivers/STM32H7xx_HAL_Driver/Src/stm32h7xx_ll_usb.o
                0x08013808                USB_SetCurrentMode
 .text.USB_DevInit
                0x080138a0      0x2bc ./Drivers/STM32H7xx_HAL_Driver/Src/stm32h7xx_ll_usb.o
                0x080138a0                USB_DevInit
 .text.USB_FlushTxFifo
                0x08013b5c       0x68 ./Drivers/STM32H7xx_HAL_Driver/Src/stm32h7xx_ll_usb.o
                0x08013b5c                USB_FlushTxFifo
 .text.USB_FlushRxFifo
                0x08013bc4       0x60 ./Drivers/STM32H7xx_HAL_Driver/Src/stm32h7xx_ll_usb.o
                0x08013bc4                USB_FlushRxFifo
 .text.USB_SetDevSpeed
                0x08013c24       0x32 ./Drivers/STM32H7xx_HAL_Driver/Src/stm32h7xx_ll_usb.o
                0x08013c24                USB_SetDevSpeed
 .text.USB_GetDevSpeed
                0x08013c56       0x4a ./Drivers/STM32H7xx_HAL_Driver/Src/stm32h7xx_ll_usb.o
                0x08013c56                USB_GetDevSpeed
 .text.USB_ActivateEndpoint
                0x08013ca0      0x110 ./Drivers/STM32H7xx_HAL_Driver/Src/stm32h7xx_ll_usb.o
                0x08013ca0                USB_ActivateEndpoint
 .text.USB_DeactivateEndpoint
                0x08013db0      0x1b8 ./Drivers/STM32H7xx_HAL_Driver/Src/stm32h7xx_ll_usb.o
                0x08013db0                USB_DeactivateEndpoint
 .text.USB_EPStartXfer
                0x08013f68      0x540 ./Drivers/STM32H7xx_HAL_Driver/Src/stm32h7xx_ll_usb.o
                0x08013f68                USB_EPStartXfer
 .text.USB_EPStopXfer
                0x080144a8      0x154 ./Drivers/STM32H7xx_HAL_Driver/Src/stm32h7xx_ll_usb.o
                0x080144a8                USB_EPStopXfer
 .text.USB_WritePacket
                0x080145fc       0x7c ./Drivers/STM32H7xx_HAL_Driver/Src/stm32h7xx_ll_usb.o
                0x080145fc                USB_WritePacket
 .text.USB_ReadPacket
                0x08014678       0xb0 ./Drivers/STM32H7xx_HAL_Driver/Src/stm32h7xx_ll_usb.o
                0x08014678                USB_ReadPacket
 .text.USB_EPSetStall
                0x08014728       0xdc ./Drivers/STM32H7xx_HAL_Driver/Src/stm32h7xx_ll_usb.o
                0x08014728                USB_EPSetStall
 .text.USB_EPClearStall
                0x08014804       0xcc ./Drivers/STM32H7xx_HAL_Driver/Src/stm32h7xx_ll_usb.o
                0x08014804                USB_EPClearStall
 .text.USB_SetDevAddress
                0x080148d0       0x4c ./Drivers/STM32H7xx_HAL_Driver/Src/stm32h7xx_ll_usb.o
                0x080148d0                USB_SetDevAddress
 .text.USB_DevConnect
                0x0801491c       0x42 ./Drivers/STM32H7xx_HAL_Driver/Src/stm32h7xx_ll_usb.o
                0x0801491c                USB_DevConnect
 .text.USB_DevDisconnect
                0x0801495e       0x42 ./Drivers/STM32H7xx_HAL_Driver/Src/stm32h7xx_ll_usb.o
                0x0801495e                USB_DevDisconnect
 .text.USB_ReadInterrupts
                0x080149a0       0x26 ./Drivers/STM32H7xx_HAL_Driver/Src/stm32h7xx_ll_usb.o
                0x080149a0                USB_ReadInterrupts
 .text.USB_ReadDevAllOutEpInterrupt
                0x080149c6       0x34 ./Drivers/STM32H7xx_HAL_Driver/Src/stm32h7xx_ll_usb.o
                0x080149c6                USB_ReadDevAllOutEpInterrupt
 .text.USB_ReadDevAllInEpInterrupt
                0x080149fa       0x34 ./Drivers/STM32H7xx_HAL_Driver/Src/stm32h7xx_ll_usb.o
                0x080149fa                USB_ReadDevAllInEpInterrupt
 .text.USB_ReadDevOutEPInterrupt
                0x08014a2e       0x3c ./Drivers/STM32H7xx_HAL_Driver/Src/stm32h7xx_ll_usb.o
                0x08014a2e                USB_ReadDevOutEPInterrupt
 .text.USB_ReadDevInEPInterrupt
                0x08014a6a       0x5c ./Drivers/STM32H7xx_HAL_Driver/Src/stm32h7xx_ll_usb.o
                0x08014a6a                USB_ReadDevInEPInterrupt
 .text.USB_GetMode
                0x08014ac6       0x1c ./Drivers/STM32H7xx_HAL_Driver/Src/stm32h7xx_ll_usb.o
                0x08014ac6                USB_GetMode
 *fill*         0x08014ae2        0x2 
 .text.USB_ActivateSetup
                0x08014ae4       0x48 ./Drivers/STM32H7xx_HAL_Driver/Src/stm32h7xx_ll_usb.o
                0x08014ae4                USB_ActivateSetup
 .text.USB_EP0_OutStart
                0x08014b2c       0xbc ./Drivers/STM32H7xx_HAL_Driver/Src/stm32h7xx_ll_usb.o
                0x08014b2c                USB_EP0_OutStart
 .text.USB_CoreReset
                0x08014be8       0x68 ./Drivers/STM32H7xx_HAL_Driver/Src/stm32h7xx_ll_usb.o
 .text.USBD_CDC_Init
                0x08014c50      0x1f0 ./Middlewares/ST/STM32_USB_Device_Library/Class/CDC/Src/usbd_cdc.o
 .text.USBD_CDC_DeInit
                0x08014e40      0x104 ./Middlewares/ST/STM32_USB_Device_Library/Class/CDC/Src/usbd_cdc.o
 .text.USBD_CDC_Setup
                0x08014f44      0x1b8 ./Middlewares/ST/STM32_USB_Device_Library/Class/CDC/Src/usbd_cdc.o
 .text.USBD_CDC_DataIn
                0x080150fc       0xfe ./Middlewares/ST/STM32_USB_Device_Library/Class/CDC/Src/usbd_cdc.o
 .text.USBD_CDC_DataOut
                0x080151fa       0x70 ./Middlewares/ST/STM32_USB_Device_Library/Class/CDC/Src/usbd_cdc.o
 .text.USBD_CDC_EP0_RxReady
                0x0801526a       0x74 ./Middlewares/ST/STM32_USB_Device_Library/Class/CDC/Src/usbd_cdc.o
 *fill*         0x080152de        0x2 
 .text.USBD_CDC_GetFSCfgDesc
                0x080152e0       0x70 ./Middlewares/ST/STM32_USB_Device_Library/Class/CDC/Src/usbd_cdc.o
 .text.USBD_CDC_GetHSCfgDesc
                0x08015350       0x70 ./Middlewares/ST/STM32_USB_Device_Library/Class/CDC/Src/usbd_cdc.o
 .text.USBD_CDC_GetOtherSpeedCfgDesc
                0x080153c0       0x70 ./Middlewares/ST/STM32_USB_Device_Library/Class/CDC/Src/usbd_cdc.o
 .text.USBD_CDC_GetDeviceQualifierDescriptor
                0x08015430       0x20 ./Middlewares/ST/STM32_USB_Device_Library/Class/CDC/Src/usbd_cdc.o
                0x08015430                USBD_CDC_GetDeviceQualifierDescriptor
 .text.USBD_CDC_RegisterInterface
                0x08015450       0x34 ./Middlewares/ST/STM32_USB_Device_Library/Class/CDC/Src/usbd_cdc.o
                0x08015450                USBD_CDC_RegisterInterface
 .text.USBD_CDC_SetTxBuffer
                0x08015484       0x44 ./Middlewares/ST/STM32_USB_Device_Library/Class/CDC/Src/usbd_cdc.o
                0x08015484                USBD_CDC_SetTxBuffer
 .text.USBD_CDC_SetRxBuffer
                0x080154c8       0x3a ./Middlewares/ST/STM32_USB_Device_Library/Class/CDC/Src/usbd_cdc.o
                0x080154c8                USBD_CDC_SetRxBuffer
 *fill*         0x08015502        0x2 
 .text.USBD_CDC_TransmitPacket
                0x08015504       0x80 ./Middlewares/ST/STM32_USB_Device_Library/Class/CDC/Src/usbd_cdc.o
                0x08015504                USBD_CDC_TransmitPacket
 .text.USBD_CDC_ReceivePacket
                0x08015584       0x6c ./Middlewares/ST/STM32_USB_Device_Library/Class/CDC/Src/usbd_cdc.o
                0x08015584                USBD_CDC_ReceivePacket
 .text.USBD_Init
                0x080155f0       0x60 ./Middlewares/ST/STM32_USB_Device_Library/Core/Src/usbd_core.o
                0x080155f0                USBD_Init
 .text.USBD_RegisterClass
                0x08015650       0x6c ./Middlewares/ST/STM32_USB_Device_Library/Core/Src/usbd_core.o
                0x08015650                USBD_RegisterClass
 .text.USBD_Start
                0x080156bc       0x18 ./Middlewares/ST/STM32_USB_Device_Library/Core/Src/usbd_core.o
                0x080156bc                USBD_Start
 .text.USBD_RunTestMode
                0x080156d4       0x16 ./Middlewares/ST/STM32_USB_Device_Library/Core/Src/usbd_core.o
                0x080156d4                USBD_RunTestMode
 .text.USBD_SetClassConfig
                0x080156ea       0x38 ./Middlewares/ST/STM32_USB_Device_Library/Core/Src/usbd_core.o
                0x080156ea                USBD_SetClassConfig
 .text.USBD_ClrClassConfig
                0x08015722       0x34 ./Middlewares/ST/STM32_USB_Device_Library/Core/Src/usbd_core.o
                0x08015722                USBD_ClrClassConfig
 .text.USBD_LL_SetupStage
                0x08015756       0xaa ./Middlewares/ST/STM32_USB_Device_Library/Core/Src/usbd_core.o
                0x08015756                USBD_LL_SetupStage
 .text.USBD_LL_DataOutStage
                0x08015800      0x166 ./Middlewares/ST/STM32_USB_Device_Library/Core/Src/usbd_core.o
                0x08015800                USBD_LL_DataOutStage
 .text.USBD_LL_DataInStage
                0x08015966      0x164 ./Middlewares/ST/STM32_USB_Device_Library/Core/Src/usbd_core.o
                0x08015966                USBD_LL_DataInStage
 .text.USBD_LL_Reset
                0x08015aca       0xa4 ./Middlewares/ST/STM32_USB_Device_Library/Core/Src/usbd_core.o
                0x08015aca                USBD_LL_Reset
 .text.USBD_LL_SetSpeed
                0x08015b6e       0x20 ./Middlewares/ST/STM32_USB_Device_Library/Core/Src/usbd_core.o
                0x08015b6e                USBD_LL_SetSpeed
 .text.USBD_LL_Suspend
                0x08015b8e       0x38 ./Middlewares/ST/STM32_USB_Device_Library/Core/Src/usbd_core.o
                0x08015b8e                USBD_LL_Suspend
 .text.USBD_LL_Resume
                0x08015bc6       0x30 ./Middlewares/ST/STM32_USB_Device_Library/Core/Src/usbd_core.o
                0x08015bc6                USBD_LL_Resume
 .text.USBD_LL_SOF
                0x08015bf6       0x40 ./Middlewares/ST/STM32_USB_Device_Library/Core/Src/usbd_core.o
                0x08015bf6                USBD_LL_SOF
 .text.USBD_LL_IsoINIncomplete
                0x08015c36       0x64 ./Middlewares/ST/STM32_USB_Device_Library/Core/Src/usbd_core.o
                0x08015c36                USBD_LL_IsoINIncomplete
 .text.USBD_LL_IsoOUTIncomplete
                0x08015c9a       0x64 ./Middlewares/ST/STM32_USB_Device_Library/Core/Src/usbd_core.o
                0x08015c9a                USBD_LL_IsoOUTIncomplete
 .text.USBD_LL_DevConnected
                0x08015cfe       0x16 ./Middlewares/ST/STM32_USB_Device_Library/Core/Src/usbd_core.o
                0x08015cfe                USBD_LL_DevConnected
 .text.USBD_LL_DevDisconnected
                0x08015d14       0x46 ./Middlewares/ST/STM32_USB_Device_Library/Core/Src/usbd_core.o
                0x08015d14                USBD_LL_DevDisconnected
 .text.USBD_CoreFindIF
                0x08015d5a       0x1a ./Middlewares/ST/STM32_USB_Device_Library/Core/Src/usbd_core.o
                0x08015d5a                USBD_CoreFindIF
 .text.USBD_CoreFindEP
                0x08015d74       0x1a ./Middlewares/ST/STM32_USB_Device_Library/Core/Src/usbd_core.o
                0x08015d74                USBD_CoreFindEP
 .text.USBD_GetEpDesc
                0x08015d8e       0x70 ./Middlewares/ST/STM32_USB_Device_Library/Core/Src/usbd_core.o
                0x08015d8e                USBD_GetEpDesc
 .text.USBD_GetNextDesc
                0x08015dfe       0x38 ./Middlewares/ST/STM32_USB_Device_Library/Core/Src/usbd_core.o
                0x08015dfe                USBD_GetNextDesc
 .text.SWAPBYTE
                0x08015e36       0x3c ./Middlewares/ST/STM32_USB_Device_Library/Core/Src/usbd_ctlreq.o
 *fill*         0x08015e72        0x2 
 .text.USBD_StdDevReq
                0x08015e74       0xe4 ./Middlewares/ST/STM32_USB_Device_Library/Core/Src/usbd_ctlreq.o
                0x08015e74                USBD_StdDevReq
 .text.USBD_StdItfReq
                0x08015f58       0xd8 ./Middlewares/ST/STM32_USB_Device_Library/Core/Src/usbd_ctlreq.o
                0x08015f58                USBD_StdItfReq
 .text.USBD_StdEPReq
                0x08016030      0x33a ./Middlewares/ST/STM32_USB_Device_Library/Core/Src/usbd_ctlreq.o
                0x08016030                USBD_StdEPReq
 *fill*         0x0801636a        0x2 
 .text.USBD_GetDescriptor
                0x0801636c      0x2d4 ./Middlewares/ST/STM32_USB_Device_Library/Core/Src/usbd_ctlreq.o
 .text.USBD_SetAddress
                0x08016640       0x88 ./Middlewares/ST/STM32_USB_Device_Library/Core/Src/usbd_ctlreq.o
 .text.USBD_SetConfig
                0x080166c8      0x154 ./Middlewares/ST/STM32_USB_Device_Library/Core/Src/usbd_ctlreq.o
 .text.USBD_GetConfig
                0x0801681c       0x6c ./Middlewares/ST/STM32_USB_Device_Library/Core/Src/usbd_ctlreq.o
 .text.USBD_GetStatus
                0x08016888       0x68 ./Middlewares/ST/STM32_USB_Device_Library/Core/Src/usbd_ctlreq.o
 .text.USBD_SetFeature
                0x080168f0       0x52 ./Middlewares/ST/STM32_USB_Device_Library/Core/Src/usbd_ctlreq.o
 .text.USBD_ClrFeature
                0x08016942       0x44 ./Middlewares/ST/STM32_USB_Device_Library/Core/Src/usbd_ctlreq.o
 .text.USBD_ParseSetupRequest
                0x08016986       0x74 ./Middlewares/ST/STM32_USB_Device_Library/Core/Src/usbd_ctlreq.o
                0x08016986                USBD_ParseSetupRequest
 .text.USBD_CtlError
                0x080169fa       0x22 ./Middlewares/ST/STM32_USB_Device_Library/Core/Src/usbd_ctlreq.o
                0x080169fa                USBD_CtlError
 .text.USBD_GetString
                0x08016a1c       0x8c ./Middlewares/ST/STM32_USB_Device_Library/Core/Src/usbd_ctlreq.o
                0x08016a1c                USBD_GetString
 .text.USBD_GetLen
                0x08016aa8       0x34 ./Middlewares/ST/STM32_USB_Device_Library/Core/Src/usbd_ctlreq.o
 .text.USBD_CtlSendData
                0x08016adc       0x36 ./Middlewares/ST/STM32_USB_Device_Library/Core/Src/usbd_ioreq.o
                0x08016adc                USBD_CtlSendData
 .text.USBD_CtlContinueSendData
                0x08016b12       0x22 ./Middlewares/ST/STM32_USB_Device_Library/Core/Src/usbd_ioreq.o
                0x08016b12                USBD_CtlContinueSendData
 .text.USBD_CtlPrepareRx
                0x08016b34       0x3a ./Middlewares/ST/STM32_USB_Device_Library/Core/Src/usbd_ioreq.o
                0x08016b34                USBD_CtlPrepareRx
 .text.USBD_CtlContinueRx
                0x08016b6e       0x22 ./Middlewares/ST/STM32_USB_Device_Library/Core/Src/usbd_ioreq.o
                0x08016b6e                USBD_CtlContinueRx
 .text.USBD_CtlSendStatus
                0x08016b90       0x26 ./Middlewares/ST/STM32_USB_Device_Library/Core/Src/usbd_ioreq.o
                0x08016b90                USBD_CtlSendStatus
 .text.USBD_CtlReceiveStatus
                0x08016bb6       0x26 ./Middlewares/ST/STM32_USB_Device_Library/Core/Src/usbd_ioreq.o
                0x08016bb6                USBD_CtlReceiveStatus
 .text.MX_USB_DEVICE_Init
                0x08016bdc       0x64 ./USB_DEVICE/App/usb_device.o
                0x08016bdc                MX_USB_DEVICE_Init
 .text.CDC_Init_FS
                0x08016c40       0x28 ./USB_DEVICE/App/usbd_cdc_if.o
 .text.CDC_DeInit_FS
                0x08016c68       0x10 ./USB_DEVICE/App/usbd_cdc_if.o
 .text.CDC_Control_FS
                0x08016c78       0xbc ./USB_DEVICE/App/usbd_cdc_if.o
 .text.CDC_Receive_FS
                0x08016d34       0x5c ./USB_DEVICE/App/usbd_cdc_if.o
 .text.CDC_Transmit_FS
                0x08016d90       0x4c ./USB_DEVICE/App/usbd_cdc_if.o
                0x08016d90                CDC_Transmit_FS
 .text.CDC_TransmitCplt_FS
                0x08016ddc       0x22 ./USB_DEVICE/App/usbd_cdc_if.o
 *fill*         0x08016dfe        0x2 
 .text.USBD_FS_DeviceDescriptor
                0x08016e00       0x24 ./USB_DEVICE/App/usbd_desc.o
                0x08016e00                USBD_FS_DeviceDescriptor
 .text.USBD_FS_LangIDStrDescriptor
                0x08016e24       0x24 ./USB_DEVICE/App/usbd_desc.o
                0x08016e24                USBD_FS_LangIDStrDescriptor
 .text.USBD_FS_ProductStrDescriptor
                0x08016e48       0x3c ./USB_DEVICE/App/usbd_desc.o
                0x08016e48                USBD_FS_ProductStrDescriptor
 .text.USBD_FS_ManufacturerStrDescriptor
                0x08016e84       0x28 ./USB_DEVICE/App/usbd_desc.o
                0x08016e84                USBD_FS_ManufacturerStrDescriptor
 .text.USBD_FS_SerialStrDescriptor
                0x08016eac       0x24 ./USB_DEVICE/App/usbd_desc.o
                0x08016eac                USBD_FS_SerialStrDescriptor
 .text.USBD_FS_ConfigStrDescriptor
                0x08016ed0       0x3c ./USB_DEVICE/App/usbd_desc.o
                0x08016ed0                USBD_FS_ConfigStrDescriptor
 .text.USBD_FS_InterfaceStrDescriptor
                0x08016f0c       0x3c ./USB_DEVICE/App/usbd_desc.o
                0x08016f0c                USBD_FS_InterfaceStrDescriptor
 .text.Get_SerialNum
                0x08016f48       0x58 ./USB_DEVICE/App/usbd_desc.o
 .text.IntToUnicode
                0x08016fa0       0x7e ./USB_DEVICE/App/usbd_desc.o
 *fill*         0x0801701e        0x2 
 .text.HAL_PCD_MspInit
                0x08017020       0xe8 ./USB_DEVICE/Target/usbd_conf.o
                0x08017020                HAL_PCD_MspInit
 .text.HAL_PCD_SetupStageCallback
                0x08017108       0x24 ./USB_DEVICE/Target/usbd_conf.o
                0x08017108                HAL_PCD_SetupStageCallback
 .text.HAL_PCD_DataOutStageCallback
                0x0801712c       0x36 ./USB_DEVICE/Target/usbd_conf.o
                0x0801712c                HAL_PCD_DataOutStageCallback
 .text.HAL_PCD_DataInStageCallback
                0x08017162       0x34 ./USB_DEVICE/Target/usbd_conf.o
                0x08017162                HAL_PCD_DataInStageCallback
 .text.HAL_PCD_SOFCallback
                0x08017196       0x1c ./USB_DEVICE/Target/usbd_conf.o
                0x08017196                HAL_PCD_SOFCallback
 .text.HAL_PCD_ResetCallback
                0x080171b2       0x50 ./USB_DEVICE/Target/usbd_conf.o
                0x080171b2                HAL_PCD_ResetCallback
 *fill*         0x08017202        0x2 
 .text.HAL_PCD_SuspendCallback
                0x08017204       0x4c ./USB_DEVICE/Target/usbd_conf.o
                0x08017204                HAL_PCD_SuspendCallback
 .text.HAL_PCD_ResumeCallback
                0x08017250       0x1c ./USB_DEVICE/Target/usbd_conf.o
                0x08017250                HAL_PCD_ResumeCallback
 .text.HAL_PCD_ISOOUTIncompleteCallback
                0x0801726c       0x24 ./USB_DEVICE/Target/usbd_conf.o
                0x0801726c                HAL_PCD_ISOOUTIncompleteCallback
 .text.HAL_PCD_ISOINIncompleteCallback
                0x08017290       0x24 ./USB_DEVICE/Target/usbd_conf.o
                0x08017290                HAL_PCD_ISOINIncompleteCallback
 .text.HAL_PCD_ConnectCallback
                0x080172b4       0x1c ./USB_DEVICE/Target/usbd_conf.o
                0x080172b4                HAL_PCD_ConnectCallback
 .text.HAL_PCD_DisconnectCallback
                0x080172d0       0x1c ./USB_DEVICE/Target/usbd_conf.o
                0x080172d0                HAL_PCD_DisconnectCallback
 .text.USBD_LL_Init
                0x080172ec       0xa0 ./USB_DEVICE/Target/usbd_conf.o
                0x080172ec                USBD_LL_Init
 .text.USBD_LL_Start
                0x0801738c       0x36 ./USB_DEVICE/Target/usbd_conf.o
                0x0801738c                USBD_LL_Start
 .text.USBD_LL_OpenEP
                0x080173c2       0x4c ./USB_DEVICE/Target/usbd_conf.o
                0x080173c2                USBD_LL_OpenEP
 .text.USBD_LL_CloseEP
                0x0801740e       0x3e ./USB_DEVICE/Target/usbd_conf.o
                0x0801740e                USBD_LL_CloseEP
 .text.USBD_LL_StallEP
                0x0801744c       0x3e ./USB_DEVICE/Target/usbd_conf.o
                0x0801744c                USBD_LL_StallEP
 .text.USBD_LL_ClearStallEP
                0x0801748a       0x3e ./USB_DEVICE/Target/usbd_conf.o
                0x0801748a                USBD_LL_ClearStallEP
 .text.USBD_LL_IsStallEP
                0x080174c8       0x58 ./USB_DEVICE/Target/usbd_conf.o
                0x080174c8                USBD_LL_IsStallEP
 .text.USBD_LL_SetUSBAddress
                0x08017520       0x3e ./USB_DEVICE/Target/usbd_conf.o
                0x08017520                USBD_LL_SetUSBAddress
 .text.USBD_LL_Transmit
                0x0801755e       0x42 ./USB_DEVICE/Target/usbd_conf.o
                0x0801755e                USBD_LL_Transmit
 .text.USBD_LL_PrepareReceive
                0x080175a0       0x42 ./USB_DEVICE/Target/usbd_conf.o
                0x080175a0                USBD_LL_PrepareReceive
 .text.USBD_LL_GetRxDataSize
                0x080175e2       0x26 ./USB_DEVICE/Target/usbd_conf.o
                0x080175e2                USBD_LL_GetRxDataSize
 .text.USBD_static_malloc
                0x08017608       0x1c ./USB_DEVICE/Target/usbd_conf.o
                0x08017608                USBD_static_malloc
 .text.USBD_static_free
                0x08017624       0x14 ./USB_DEVICE/Target/usbd_conf.o
                0x08017624                USBD_static_free
 .text.USBD_Get_USB_Status
                0x08017638       0x58 ./USB_DEVICE/Target/usbd_conf.o
                0x08017638                USBD_Get_USB_Status
 .text.rand     0x08017690       0x7c C:/ST/STM32CubeIDE_1.11.2/STM32CubeIDE/plugins/com.st.stm32cube.ide.mcu.externaltools.gnu-tools-for-stm32.12.3.rel1.win32_1.0.100.202403111256/tools/bin/../lib/gcc/arm-none-eabi/12.3.1/../../../../arm-none-eabi/lib/thumb/v7e-m+dp/hard\libc_nano.a(libc_a-rand.o)
                0x08017690                rand
 .text.std      0x0801770c       0x6c C:/ST/STM32CubeIDE_1.11.2/STM32CubeIDE/plugins/com.st.stm32cube.ide.mcu.externaltools.gnu-tools-for-stm32.12.3.rel1.win32_1.0.100.202403111256/tools/bin/../lib/gcc/arm-none-eabi/12.3.1/../../../../arm-none-eabi/lib/thumb/v7e-m+dp/hard\libc_nano.a(libc_a-findfp.o)
 .text.stdio_exit_handler
                0x08017778       0x18 C:/ST/STM32CubeIDE_1.11.2/STM32CubeIDE/plugins/com.st.stm32cube.ide.mcu.externaltools.gnu-tools-for-stm32.12.3.rel1.win32_1.0.100.202403111256/tools/bin/../lib/gcc/arm-none-eabi/12.3.1/../../../../arm-none-eabi/lib/thumb/v7e-m+dp/hard\libc_nano.a(libc_a-findfp.o)
 .text.cleanup_stdio
                0x08017790       0x40 C:/ST/STM32CubeIDE_1.11.2/STM32CubeIDE/plugins/com.st.stm32cube.ide.mcu.externaltools.gnu-tools-for-stm32.12.3.rel1.win32_1.0.100.202403111256/tools/bin/../lib/gcc/arm-none-eabi/12.3.1/../../../../arm-none-eabi/lib/thumb/v7e-m+dp/hard\libc_nano.a(libc_a-findfp.o)
 .text.global_stdio_init.part.0
                0x080177d0       0x3c C:/ST/STM32CubeIDE_1.11.2/STM32CubeIDE/plugins/com.st.stm32cube.ide.mcu.externaltools.gnu-tools-for-stm32.12.3.rel1.win32_1.0.100.202403111256/tools/bin/../lib/gcc/arm-none-eabi/12.3.1/../../../../arm-none-eabi/lib/thumb/v7e-m+dp/hard\libc_nano.a(libc_a-findfp.o)
 .text.__sfp_lock_acquire
                0x0801780c        0xc C:/ST/STM32CubeIDE_1.11.2/STM32CubeIDE/plugins/com.st.stm32cube.ide.mcu.externaltools.gnu-tools-for-stm32.12.3.rel1.win32_1.0.100.202403111256/tools/bin/../lib/gcc/arm-none-eabi/12.3.1/../../../../arm-none-eabi/lib/thumb/v7e-m+dp/hard\libc_nano.a(libc_a-findfp.o)
                0x0801780c                __sfp_lock_acquire
 .text.__sfp_lock_release
                0x08017818        0xc C:/ST/STM32CubeIDE_1.11.2/STM32CubeIDE/plugins/com.st.stm32cube.ide.mcu.externaltools.gnu-tools-for-stm32.12.3.rel1.win32_1.0.100.202403111256/tools/bin/../lib/gcc/arm-none-eabi/12.3.1/../../../../arm-none-eabi/lib/thumb/v7e-m+dp/hard\libc_nano.a(libc_a-findfp.o)
                0x08017818                __sfp_lock_release
 .text.__sinit  0x08017824       0x30 C:/ST/STM32CubeIDE_1.11.2/STM32CubeIDE/plugins/com.st.stm32cube.ide.mcu.externaltools.gnu-tools-for-stm32.12.3.rel1.win32_1.0.100.202403111256/tools/bin/../lib/gcc/arm-none-eabi/12.3.1/../../../../arm-none-eabi/lib/thumb/v7e-m+dp/hard\libc_nano.a(libc_a-findfp.o)
                0x08017824                __sinit
 .text._fwalk_sglue
                0x08017854       0x3c C:/ST/STM32CubeIDE_1.11.2/STM32CubeIDE/plugins/com.st.stm32cube.ide.mcu.externaltools.gnu-tools-for-stm32.12.3.rel1.win32_1.0.100.202403111256/tools/bin/../lib/gcc/arm-none-eabi/12.3.1/../../../../arm-none-eabi/lib/thumb/v7e-m+dp/hard\libc_nano.a(libc_a-fwalk.o)
                0x08017854                _fwalk_sglue
 .text.snprintf
                0x08017890       0x68 C:/ST/STM32CubeIDE_1.11.2/STM32CubeIDE/plugins/com.st.stm32cube.ide.mcu.externaltools.gnu-tools-for-stm32.12.3.rel1.win32_1.0.100.202403111256/tools/bin/../lib/gcc/arm-none-eabi/12.3.1/../../../../arm-none-eabi/lib/thumb/v7e-m+dp/hard\libc_nano.a(libc_a-snprintf.o)
                0x08017890                sniprintf
                0x08017890                snprintf
 .text.sprintf  0x080178f8       0x40 C:/ST/STM32CubeIDE_1.11.2/STM32CubeIDE/plugins/com.st.stm32cube.ide.mcu.externaltools.gnu-tools-for-stm32.12.3.rel1.win32_1.0.100.202403111256/tools/bin/../lib/gcc/arm-none-eabi/12.3.1/../../../../arm-none-eabi/lib/thumb/v7e-m+dp/hard\libc_nano.a(libc_a-sprintf.o)
                0x080178f8                siprintf
                0x080178f8                sprintf
 .text.__sread  0x08017938       0x22 C:/ST/STM32CubeIDE_1.11.2/STM32CubeIDE/plugins/com.st.stm32cube.ide.mcu.externaltools.gnu-tools-for-stm32.12.3.rel1.win32_1.0.100.202403111256/tools/bin/../lib/gcc/arm-none-eabi/12.3.1/../../../../arm-none-eabi/lib/thumb/v7e-m+dp/hard\libc_nano.a(libc_a-stdio.o)
                0x08017938                __sread
 .text.__swrite
                0x0801795a       0x38 C:/ST/STM32CubeIDE_1.11.2/STM32CubeIDE/plugins/com.st.stm32cube.ide.mcu.externaltools.gnu-tools-for-stm32.12.3.rel1.win32_1.0.100.202403111256/tools/bin/../lib/gcc/arm-none-eabi/12.3.1/../../../../arm-none-eabi/lib/thumb/v7e-m+dp/hard\libc_nano.a(libc_a-stdio.o)
                0x0801795a                __swrite
 .text.__sseek  0x08017992       0x24 C:/ST/STM32CubeIDE_1.11.2/STM32CubeIDE/plugins/com.st.stm32cube.ide.mcu.externaltools.gnu-tools-for-stm32.12.3.rel1.win32_1.0.100.202403111256/tools/bin/../lib/gcc/arm-none-eabi/12.3.1/../../../../arm-none-eabi/lib/thumb/v7e-m+dp/hard\libc_nano.a(libc_a-stdio.o)
                0x08017992                __sseek
 .text.__sclose
                0x080179b6        0x8 C:/ST/STM32CubeIDE_1.11.2/STM32CubeIDE/plugins/com.st.stm32cube.ide.mcu.externaltools.gnu-tools-for-stm32.12.3.rel1.win32_1.0.100.202403111256/tools/bin/../lib/gcc/arm-none-eabi/12.3.1/../../../../arm-none-eabi/lib/thumb/v7e-m+dp/hard\libc_nano.a(libc_a-stdio.o)
                0x080179b6                __sclose
 .text.memset   0x080179be       0x10 C:/ST/STM32CubeIDE_1.11.2/STM32CubeIDE/plugins/com.st.stm32cube.ide.mcu.externaltools.gnu-tools-for-stm32.12.3.rel1.win32_1.0.100.202403111256/tools/bin/../lib/gcc/arm-none-eabi/12.3.1/../../../../arm-none-eabi/lib/thumb/v7e-m+dp/hard\libc_nano.a(libc_a-memset.o)
                0x080179be                memset
 *fill*         0x080179ce        0x2 
 .text._close_r
                0x080179d0       0x20 C:/ST/STM32CubeIDE_1.11.2/STM32CubeIDE/plugins/com.st.stm32cube.ide.mcu.externaltools.gnu-tools-for-stm32.12.3.rel1.win32_1.0.100.202403111256/tools/bin/../lib/gcc/arm-none-eabi/12.3.1/../../../../arm-none-eabi/lib/thumb/v7e-m+dp/hard\libc_nano.a(libc_a-closer.o)
                0x080179d0                _close_r
 .text._lseek_r
                0x080179f0       0x24 C:/ST/STM32CubeIDE_1.11.2/STM32CubeIDE/plugins/com.st.stm32cube.ide.mcu.externaltools.gnu-tools-for-stm32.12.3.rel1.win32_1.0.100.202403111256/tools/bin/../lib/gcc/arm-none-eabi/12.3.1/../../../../arm-none-eabi/lib/thumb/v7e-m+dp/hard\libc_nano.a(libc_a-lseekr.o)
                0x080179f0                _lseek_r
 .text._read_r  0x08017a14       0x24 C:/ST/STM32CubeIDE_1.11.2/STM32CubeIDE/plugins/com.st.stm32cube.ide.mcu.externaltools.gnu-tools-for-stm32.12.3.rel1.win32_1.0.100.202403111256/tools/bin/../lib/gcc/arm-none-eabi/12.3.1/../../../../arm-none-eabi/lib/thumb/v7e-m+dp/hard\libc_nano.a(libc_a-readr.o)
                0x08017a14                _read_r
 .text._write_r
                0x08017a38       0x24 C:/ST/STM32CubeIDE_1.11.2/STM32CubeIDE/plugins/com.st.stm32cube.ide.mcu.externaltools.gnu-tools-for-stm32.12.3.rel1.win32_1.0.100.202403111256/tools/bin/../lib/gcc/arm-none-eabi/12.3.1/../../../../arm-none-eabi/lib/thumb/v7e-m+dp/hard\libc_nano.a(libc_a-writer.o)
                0x08017a38                _write_r
 .text.__errno  0x08017a5c        0xc C:/ST/STM32CubeIDE_1.11.2/STM32CubeIDE/plugins/com.st.stm32cube.ide.mcu.externaltools.gnu-tools-for-stm32.12.3.rel1.win32_1.0.100.202403111256/tools/bin/../lib/gcc/arm-none-eabi/12.3.1/../../../../arm-none-eabi/lib/thumb/v7e-m+dp/hard\libc_nano.a(libc_a-errno.o)
                0x08017a5c                __errno
 .text.__libc_init_array
                0x08017a68       0x48 C:/ST/STM32CubeIDE_1.11.2/STM32CubeIDE/plugins/com.st.stm32cube.ide.mcu.externaltools.gnu-tools-for-stm32.12.3.rel1.win32_1.0.100.202403111256/tools/bin/../lib/gcc/arm-none-eabi/12.3.1/../../../../arm-none-eabi/lib/thumb/v7e-m+dp/hard\libc_nano.a(libc_a-init.o)
                0x08017a68                __libc_init_array
 .text.__retarget_lock_init_recursive
                0x08017ab0        0x2 C:/ST/STM32CubeIDE_1.11.2/STM32CubeIDE/plugins/com.st.stm32cube.ide.mcu.externaltools.gnu-tools-for-stm32.12.3.rel1.win32_1.0.100.202403111256/tools/bin/../lib/gcc/arm-none-eabi/12.3.1/../../../../arm-none-eabi/lib/thumb/v7e-m+dp/hard\libc_nano.a(libc_a-lock.o)
                0x08017ab0                __retarget_lock_init_recursive
 .text.__retarget_lock_acquire_recursive
                0x08017ab2        0x2 C:/ST/STM32CubeIDE_1.11.2/STM32CubeIDE/plugins/com.st.stm32cube.ide.mcu.externaltools.gnu-tools-for-stm32.12.3.rel1.win32_1.0.100.202403111256/tools/bin/../lib/gcc/arm-none-eabi/12.3.1/../../../../arm-none-eabi/lib/thumb/v7e-m+dp/hard\libc_nano.a(libc_a-lock.o)
                0x08017ab2                __retarget_lock_acquire_recursive
 .text.__retarget_lock_release_recursive
                0x08017ab4        0x2 C:/ST/STM32CubeIDE_1.11.2/STM32CubeIDE/plugins/com.st.stm32cube.ide.mcu.externaltools.gnu-tools-for-stm32.12.3.rel1.win32_1.0.100.202403111256/tools/bin/../lib/gcc/arm-none-eabi/12.3.1/../../../../arm-none-eabi/lib/thumb/v7e-m+dp/hard\libc_nano.a(libc_a-lock.o)
                0x08017ab4                __retarget_lock_release_recursive
 .text.memcpy   0x08017ab6       0x1c C:/ST/STM32CubeIDE_1.11.2/STM32CubeIDE/plugins/com.st.stm32cube.ide.mcu.externaltools.gnu-tools-for-stm32.12.3.rel1.win32_1.0.100.202403111256/tools/bin/../lib/gcc/arm-none-eabi/12.3.1/../../../../arm-none-eabi/lib/thumb/v7e-m+dp/hard\libc_nano.a(libc_a-memcpy-stub.o)
                0x08017ab6                memcpy
 *fill*         0x08017ad2        0x2 
 .text.__assert_func
                0x08017ad4       0x3c C:/ST/STM32CubeIDE_1.11.2/STM32CubeIDE/plugins/com.st.stm32cube.ide.mcu.externaltools.gnu-tools-for-stm32.12.3.rel1.win32_1.0.100.202403111256/tools/bin/../lib/gcc/arm-none-eabi/12.3.1/../../../../arm-none-eabi/lib/thumb/v7e-m+dp/hard\libc_nano.a(libc_a-assert.o)
                0x08017ad4                __assert_func
 .text._free_r  0x08017b10       0x94 C:/ST/STM32CubeIDE_1.11.2/STM32CubeIDE/plugins/com.st.stm32cube.ide.mcu.externaltools.gnu-tools-for-stm32.12.3.rel1.win32_1.0.100.202403111256/tools/bin/../lib/gcc/arm-none-eabi/12.3.1/../../../../arm-none-eabi/lib/thumb/v7e-m+dp/hard\libc_nano.a(libc_a-freer.o)
                0x08017b10                _free_r
 .text.malloc   0x08017ba4       0x10 C:/ST/STM32CubeIDE_1.11.2/STM32CubeIDE/plugins/com.st.stm32cube.ide.mcu.externaltools.gnu-tools-for-stm32.12.3.rel1.win32_1.0.100.202403111256/tools/bin/../lib/gcc/arm-none-eabi/12.3.1/../../../../arm-none-eabi/lib/thumb/v7e-m+dp/hard\libc_nano.a(libc_a-malloc.o)
                0x08017ba4                malloc
 .text.sbrk_aligned
                0x08017bb4       0x44 C:/ST/STM32CubeIDE_1.11.2/STM32CubeIDE/plugins/com.st.stm32cube.ide.mcu.externaltools.gnu-tools-for-stm32.12.3.rel1.win32_1.0.100.202403111256/tools/bin/../lib/gcc/arm-none-eabi/12.3.1/../../../../arm-none-eabi/lib/thumb/v7e-m+dp/hard\libc_nano.a(libc_a-mallocr.o)
 .text._malloc_r
                0x08017bf8      0x100 C:/ST/STM32CubeIDE_1.11.2/STM32CubeIDE/plugins/com.st.stm32cube.ide.mcu.externaltools.gnu-tools-for-stm32.12.3.rel1.win32_1.0.100.202403111256/tools/bin/../lib/gcc/arm-none-eabi/12.3.1/../../../../arm-none-eabi/lib/thumb/v7e-m+dp/hard\libc_nano.a(libc_a-mallocr.o)
                0x08017bf8                _malloc_r
 .text.__malloc_lock
                0x08017cf8        0xc C:/ST/STM32CubeIDE_1.11.2/STM32CubeIDE/plugins/com.st.stm32cube.ide.mcu.externaltools.gnu-tools-for-stm32.12.3.rel1.win32_1.0.100.202403111256/tools/bin/../lib/gcc/arm-none-eabi/12.3.1/../../../../arm-none-eabi/lib/thumb/v7e-m+dp/hard\libc_nano.a(libc_a-mlock.o)
                0x08017cf8                __malloc_lock
 .text.__malloc_unlock
                0x08017d04        0xc C:/ST/STM32CubeIDE_1.11.2/STM32CubeIDE/plugins/com.st.stm32cube.ide.mcu.externaltools.gnu-tools-for-stm32.12.3.rel1.win32_1.0.100.202403111256/tools/bin/../lib/gcc/arm-none-eabi/12.3.1/../../../../arm-none-eabi/lib/thumb/v7e-m+dp/hard\libc_nano.a(libc_a-mlock.o)
                0x08017d04                __malloc_unlock
 .text.__ssputs_r
                0x08017d10       0xb6 C:/ST/STM32CubeIDE_1.11.2/STM32CubeIDE/plugins/com.st.stm32cube.ide.mcu.externaltools.gnu-tools-for-stm32.12.3.rel1.win32_1.0.100.202403111256/tools/bin/../lib/gcc/arm-none-eabi/12.3.1/../../../../arm-none-eabi/lib/thumb/v7e-m+dp/hard\libc_nano.a(libc_a-nano-svfprintf.o)
                0x08017d10                __ssputs_r
 *fill*         0x08017dc6        0x2 
 .text._svfprintf_r
                0x08017dc8      0x1f8 C:/ST/STM32CubeIDE_1.11.2/STM32CubeIDE/plugins/com.st.stm32cube.ide.mcu.externaltools.gnu-tools-for-stm32.12.3.rel1.win32_1.0.100.202403111256/tools/bin/../lib/gcc/arm-none-eabi/12.3.1/../../../../arm-none-eabi/lib/thumb/v7e-m+dp/hard\libc_nano.a(libc_a-nano-svfprintf.o)
                0x08017dc8                _svfiprintf_r
                0x08017dc8                _svfprintf_r
 .text.__sfputc_r
                0x08017fc0       0x2e C:/ST/STM32CubeIDE_1.11.2/STM32CubeIDE/plugins/com.st.stm32cube.ide.mcu.externaltools.gnu-tools-for-stm32.12.3.rel1.win32_1.0.100.202403111256/tools/bin/../lib/gcc/arm-none-eabi/12.3.1/../../../../arm-none-eabi/lib/thumb/v7e-m+dp/hard\libc_nano.a(libc_a-nano-vfprintf.o)
 .text.__sfputs_r
                0x08017fee       0x24 C:/ST/STM32CubeIDE_1.11.2/STM32CubeIDE/plugins/com.st.stm32cube.ide.mcu.externaltools.gnu-tools-for-stm32.12.3.rel1.win32_1.0.100.202403111256/tools/bin/../lib/gcc/arm-none-eabi/12.3.1/../../../../arm-none-eabi/lib/thumb/v7e-m+dp/hard\libc_nano.a(libc_a-nano-vfprintf.o)
                0x08017fee                __sfputs_r
 *fill*         0x08018012        0x2 
 .text._vfprintf_r
                0x08018014      0x230 C:/ST/STM32CubeIDE_1.11.2/STM32CubeIDE/plugins/com.st.stm32cube.ide.mcu.externaltools.gnu-tools-for-stm32.12.3.rel1.win32_1.0.100.202403111256/tools/bin/../lib/gcc/arm-none-eabi/12.3.1/../../../../arm-none-eabi/lib/thumb/v7e-m+dp/hard\libc_nano.a(libc_a-nano-vfprintf.o)
                0x08018014                _vfprintf_r
                0x08018014                _vfiprintf_r
 .text._printf_common
                0x08018244       0xda C:/ST/STM32CubeIDE_1.11.2/STM32CubeIDE/plugins/com.st.stm32cube.ide.mcu.externaltools.gnu-tools-for-stm32.12.3.rel1.win32_1.0.100.202403111256/tools/bin/../lib/gcc/arm-none-eabi/12.3.1/../../../../arm-none-eabi/lib/thumb/v7e-m+dp/hard\libc_nano.a(libc_a-nano-vfprintf_i.o)
                0x08018244                _printf_common
 *fill*         0x0801831e        0x2 
 .text._printf_i
                0x08018320      0x240 C:/ST/STM32CubeIDE_1.11.2/STM32CubeIDE/plugins/com.st.stm32cube.ide.mcu.externaltools.gnu-tools-for-stm32.12.3.rel1.win32_1.0.100.202403111256/tools/bin/../lib/gcc/arm-none-eabi/12.3.1/../../../../arm-none-eabi/lib/thumb/v7e-m+dp/hard\libc_nano.a(libc_a-nano-vfprintf_i.o)
                0x08018320                _printf_i
 .text.__sflush_r
                0x08018560      0x108 C:/ST/STM32CubeIDE_1.11.2/STM32CubeIDE/plugins/com.st.stm32cube.ide.mcu.externaltools.gnu-tools-for-stm32.12.3.rel1.win32_1.0.100.202403111256/tools/bin/../lib/gcc/arm-none-eabi/12.3.1/../../../../arm-none-eabi/lib/thumb/v7e-m+dp/hard\libc_nano.a(libc_a-fflush.o)
                0x08018560                __sflush_r
 .text._fflush_r
                0x08018668       0x50 C:/ST/STM32CubeIDE_1.11.2/STM32CubeIDE/plugins/com.st.stm32cube.ide.mcu.externaltools.gnu-tools-for-stm32.12.3.rel1.win32_1.0.100.202403111256/tools/bin/../lib/gcc/arm-none-eabi/12.3.1/../../../../arm-none-eabi/lib/thumb/v7e-m+dp/hard\libc_nano.a(libc_a-fflush.o)
                0x08018668                _fflush_r
 .text.fprintf  0x080186b8       0x24 C:/ST/STM32CubeIDE_1.11.2/STM32CubeIDE/plugins/com.st.stm32cube.ide.mcu.externaltools.gnu-tools-for-stm32.12.3.rel1.win32_1.0.100.202403111256/tools/bin/../lib/gcc/arm-none-eabi/12.3.1/../../../../arm-none-eabi/lib/thumb/v7e-m+dp/hard\libc_nano.a(libc_a-fprintf.o)
                0x080186b8                fiprintf
                0x080186b8                fprintf
 .text.__swbuf_r
                0x080186dc       0x7c C:/ST/STM32CubeIDE_1.11.2/STM32CubeIDE/plugins/com.st.stm32cube.ide.mcu.externaltools.gnu-tools-for-stm32.12.3.rel1.win32_1.0.100.202403111256/tools/bin/../lib/gcc/arm-none-eabi/12.3.1/../../../../arm-none-eabi/lib/thumb/v7e-m+dp/hard\libc_nano.a(libc_a-wbuf.o)
                0x080186dc                __swbuf_r
 .text.__swsetup_r
                0x08018758       0xac C:/ST/STM32CubeIDE_1.11.2/STM32CubeIDE/plugins/com.st.stm32cube.ide.mcu.externaltools.gnu-tools-for-stm32.12.3.rel1.win32_1.0.100.202403111256/tools/bin/../lib/gcc/arm-none-eabi/12.3.1/../../../../arm-none-eabi/lib/thumb/v7e-m+dp/hard\libc_nano.a(libc_a-wsetup.o)
                0x08018758                __swsetup_r
 .text.memmove  0x08018804       0x34 C:/ST/STM32CubeIDE_1.11.2/STM32CubeIDE/plugins/com.st.stm32cube.ide.mcu.externaltools.gnu-tools-for-stm32.12.3.rel1.win32_1.0.100.202403111256/tools/bin/../lib/gcc/arm-none-eabi/12.3.1/../../../../arm-none-eabi/lib/thumb/v7e-m+dp/hard\libc_nano.a(libc_a-memmove.o)
                0x08018804                memmove
 .text._sbrk_r  0x08018838       0x20 C:/ST/STM32CubeIDE_1.11.2/STM32CubeIDE/plugins/com.st.stm32cube.ide.mcu.externaltools.gnu-tools-for-stm32.12.3.rel1.win32_1.0.100.202403111256/tools/bin/../lib/gcc/arm-none-eabi/12.3.1/../../../../arm-none-eabi/lib/thumb/v7e-m+dp/hard\libc_nano.a(libc_a-sbrkr.o)
                0x08018838                _sbrk_r
 .text.abort    0x08018858        0xe C:/ST/STM32CubeIDE_1.11.2/STM32CubeIDE/plugins/com.st.stm32cube.ide.mcu.externaltools.gnu-tools-for-stm32.12.3.rel1.win32_1.0.100.202403111256/tools/bin/../lib/gcc/arm-none-eabi/12.3.1/../../../../arm-none-eabi/lib/thumb/v7e-m+dp/hard\libc_nano.a(libc_a-abort.o)
                0x08018858                abort
 .text._realloc_r
                0x08018866       0x5c C:/ST/STM32CubeIDE_1.11.2/STM32CubeIDE/plugins/com.st.stm32cube.ide.mcu.externaltools.gnu-tools-for-stm32.12.3.rel1.win32_1.0.100.202403111256/tools/bin/../lib/gcc/arm-none-eabi/12.3.1/../../../../arm-none-eabi/lib/thumb/v7e-m+dp/hard\libc_nano.a(libc_a-reallocr.o)
                0x08018866                _realloc_r
 .text.__swhatbuf_r
                0x080188c2       0x4c C:/ST/STM32CubeIDE_1.11.2/STM32CubeIDE/plugins/com.st.stm32cube.ide.mcu.externaltools.gnu-tools-for-stm32.12.3.rel1.win32_1.0.100.202403111256/tools/bin/../lib/gcc/arm-none-eabi/12.3.1/../../../../arm-none-eabi/lib/thumb/v7e-m+dp/hard\libc_nano.a(libc_a-makebuf.o)
                0x080188c2                __swhatbuf_r
 .text.__smakebuf_r
                0x0801890e       0x78 C:/ST/STM32CubeIDE_1.11.2/STM32CubeIDE/plugins/com.st.stm32cube.ide.mcu.externaltools.gnu-tools-for-stm32.12.3.rel1.win32_1.0.100.202403111256/tools/bin/../lib/gcc/arm-none-eabi/12.3.1/../../../../arm-none-eabi/lib/thumb/v7e-m+dp/hard\libc_nano.a(libc_a-makebuf.o)
                0x0801890e                __smakebuf_r
 .text._raise_r
                0x08018986       0x50 C:/ST/STM32CubeIDE_1.11.2/STM32CubeIDE/plugins/com.st.stm32cube.ide.mcu.externaltools.gnu-tools-for-stm32.12.3.rel1.win32_1.0.100.202403111256/tools/bin/../lib/gcc/arm-none-eabi/12.3.1/../../../../arm-none-eabi/lib/thumb/v7e-m+dp/hard\libc_nano.a(libc_a-signal.o)
                0x08018986                _raise_r
 *fill*         0x080189d6        0x2 
 .text.raise    0x080189d8       0x10 C:/ST/STM32CubeIDE_1.11.2/STM32CubeIDE/plugins/com.st.stm32cube.ide.mcu.externaltools.gnu-tools-for-stm32.12.3.rel1.win32_1.0.100.202403111256/tools/bin/../lib/gcc/arm-none-eabi/12.3.1/../../../../arm-none-eabi/lib/thumb/v7e-m+dp/hard\libc_nano.a(libc_a-signal.o)
                0x080189d8                raise
 .text._fstat_r
                0x080189e8       0x24 C:/ST/STM32CubeIDE_1.11.2/STM32CubeIDE/plugins/com.st.stm32cube.ide.mcu.externaltools.gnu-tools-for-stm32.12.3.rel1.win32_1.0.100.202403111256/tools/bin/../lib/gcc/arm-none-eabi/12.3.1/../../../../arm-none-eabi/lib/thumb/v7e-m+dp/hard\libc_nano.a(libc_a-fstatr.o)
                0x080189e8                _fstat_r
 .text._isatty_r
                0x08018a0c       0x20 C:/ST/STM32CubeIDE_1.11.2/STM32CubeIDE/plugins/com.st.stm32cube.ide.mcu.externaltools.gnu-tools-for-stm32.12.3.rel1.win32_1.0.100.202403111256/tools/bin/../lib/gcc/arm-none-eabi/12.3.1/../../../../arm-none-eabi/lib/thumb/v7e-m+dp/hard\libc_nano.a(libc_a-isattyr.o)
                0x08018a0c                _isatty_r
 .text._kill_r  0x08018a2c       0x24 C:/ST/STM32CubeIDE_1.11.2/STM32CubeIDE/plugins/com.st.stm32cube.ide.mcu.externaltools.gnu-tools-for-stm32.12.3.rel1.win32_1.0.100.202403111256/tools/bin/../lib/gcc/arm-none-eabi/12.3.1/../../../../arm-none-eabi/lib/thumb/v7e-m+dp/hard\libc_nano.a(libc_a-signalr.o)
                0x08018a2c                _kill_r
 .text._getpid_r
                0x08018a50        0x4 C:/ST/STM32CubeIDE_1.11.2/STM32CubeIDE/plugins/com.st.stm32cube.ide.mcu.externaltools.gnu-tools-for-stm32.12.3.rel1.win32_1.0.100.202403111256/tools/bin/../lib/gcc/arm-none-eabi/12.3.1/../../../../arm-none-eabi/lib/thumb/v7e-m+dp/hard\libc_nano.a(libc_a-signalr.o)
                0x08018a50                _getpid_r
 .text._malloc_usable_size_r
                0x08018a54       0x10 C:/ST/STM32CubeIDE_1.11.2/STM32CubeIDE/plugins/com.st.stm32cube.ide.mcu.externaltools.gnu-tools-for-stm32.12.3.rel1.win32_1.0.100.202403111256/tools/bin/../lib/gcc/arm-none-eabi/12.3.1/../../../../arm-none-eabi/lib/thumb/v7e-m+dp/hard\libc_nano.a(libc_a-msizer.o)
                0x08018a54                _malloc_usable_size_r
 *(.glue_7)
 .glue_7        0x08018a64        0x0 linker stubs
 *(.glue_7t)
 .glue_7t       0x08018a64        0x0 linker stubs
 *(.eh_frame)
 .eh_frame      0x08018a64        0x0 C:/ST/STM32CubeIDE_1.11.2/STM32CubeIDE/plugins/com.st.stm32cube.ide.mcu.externaltools.gnu-tools-for-stm32.12.3.rel1.win32_1.0.100.202403111256/tools/bin/../lib/gcc/arm-none-eabi/12.3.1/thumb/v7e-m+dp/hard/crtbegin.o
 *(.init)
 .init          0x08018a64        0x4 C:/ST/STM32CubeIDE_1.11.2/STM32CubeIDE/plugins/com.st.stm32cube.ide.mcu.externaltools.gnu-tools-for-stm32.12.3.rel1.win32_1.0.100.202403111256/tools/bin/../lib/gcc/arm-none-eabi/12.3.1/thumb/v7e-m+dp/hard/crti.o
                0x08018a64                _init
 .init          0x08018a68        0x8 C:/ST/STM32CubeIDE_1.11.2/STM32CubeIDE/plugins/com.st.stm32cube.ide.mcu.externaltools.gnu-tools-for-stm32.12.3.rel1.win32_1.0.100.202403111256/tools/bin/../lib/gcc/arm-none-eabi/12.3.1/thumb/v7e-m+dp/hard/crtn.o
 *(.fini)
 .fini          0x08018a70        0x4 C:/ST/STM32CubeIDE_1.11.2/STM32CubeIDE/plugins/com.st.stm32cube.ide.mcu.externaltools.gnu-tools-for-stm32.12.3.rel1.win32_1.0.100.202403111256/tools/bin/../lib/gcc/arm-none-eabi/12.3.1/thumb/v7e-m+dp/hard/crti.o
                0x08018a70                _fini
 .fini          0x08018a74        0x8 C:/ST/STM32CubeIDE_1.11.2/STM32CubeIDE/plugins/com.st.stm32cube.ide.mcu.externaltools.gnu-tools-for-stm32.12.3.rel1.win32_1.0.100.202403111256/tools/bin/../lib/gcc/arm-none-eabi/12.3.1/thumb/v7e-m+dp/hard/crtn.o
                0x08018a7c                        . = ALIGN (0x4)
                0x08018a7c                        _etext = .

.vfp11_veneer   0x08018a7c        0x0
 .vfp11_veneer  0x08018a7c        0x0 linker stubs

.v4_bx          0x08018a7c        0x0
 .v4_bx         0x08018a7c        0x0 linker stubs

.iplt           0x08018a7c        0x0
 .iplt          0x08018a7c        0x0 C:/ST/STM32CubeIDE_1.11.2/STM32CubeIDE/plugins/com.st.stm32cube.ide.mcu.externaltools.gnu-tools-for-stm32.12.3.rel1.win32_1.0.100.202403111256/tools/bin/../lib/gcc/arm-none-eabi/12.3.1/thumb/v7e-m+dp/hard/crtbegin.o

.rodata         0x08018a7c     0x3230
                0x08018a7c                        . = ALIGN (0x4)
 *(.rodata)
 .rodata        0x08018a7c      0x57a ./Core/Src/main.o
 *fill*         0x08018ff6        0x2 
 .rodata        0x08018ff8      0x47e ./Core/Src/obd.o
 *fill*         0x08019476        0x2 
 .rodata        0x08019478       0x4c ./Drivers/STM32H7xx_HAL_Driver/Src/stm32h7xx_hal_fdcan.o
 .rodata        0x080194c4       0x46 ./USB_DEVICE/App/usbd_desc.o
 *(.rodata*)
 *fill*         0x0801950a        0x2 
 .rodata.Font16_Table
                0x0801950c      0xbe0 ./Core/Src/font16.o
                0x0801950c                Font16_Table
 .rodata.Font24_Table
                0x0801a0ec     0x1ab8 ./Core/Src/font24.o
                0x0801a0ec                Font24_Table
 .rodata.D1CorePrescTable
                0x0801bba4       0x10 ./Core/Src/system_stm32h7xx.o
                0x0801bba4                D1CorePrescTable
 .rodata.flagBitshiftOffset.0
                0x0801bbb4        0x8 ./Drivers/STM32H7xx_HAL_Driver/Src/stm32h7xx_hal_dma.o
 .rodata.DLCtoBytes
                0x0801bbbc       0x10 ./Drivers/STM32H7xx_HAL_Driver/Src/stm32h7xx_hal_fdcan.o
 .rodata.srand.str1.1
                0x0801bbcc       0x6f C:/ST/STM32CubeIDE_1.11.2/STM32CubeIDE/plugins/com.st.stm32cube.ide.mcu.externaltools.gnu-tools-for-stm32.12.3.rel1.win32_1.0.100.202403111256/tools/bin/../lib/gcc/arm-none-eabi/12.3.1/../../../../arm-none-eabi/lib/thumb/v7e-m+dp/hard\libc_nano.a(libc_a-rand.o)
 .rodata.__assert_func.str1.1
                0x0801bc3b       0x3c C:/ST/STM32CubeIDE_1.11.2/STM32CubeIDE/plugins/com.st.stm32cube.ide.mcu.externaltools.gnu-tools-for-stm32.12.3.rel1.win32_1.0.100.202403111256/tools/bin/../lib/gcc/arm-none-eabi/12.3.1/../../../../arm-none-eabi/lib/thumb/v7e-m+dp/hard\libc_nano.a(libc_a-assert.o)
                                 0x3d (size before relaxing)
 .rodata._svfprintf_r.str1.1
                0x0801bc77       0x11 C:/ST/STM32CubeIDE_1.11.2/STM32CubeIDE/plugins/com.st.stm32cube.ide.mcu.externaltools.gnu-tools-for-stm32.12.3.rel1.win32_1.0.100.202403111256/tools/bin/../lib/gcc/arm-none-eabi/12.3.1/../../../../arm-none-eabi/lib/thumb/v7e-m+dp/hard\libc_nano.a(libc_a-nano-svfprintf.o)
 .rodata._vfprintf_r.str1.1