../Core/Src/ILI9488.c:34:6:ILI9488_SendCommand	24	static
../Core/Src/ILI9488.c:47:6:ILI9488_SendData	24	static
../Core/Src/ILI9488.c:60:6:ILI9488_SendData_Multi	24	static
../Core/Src/ILI9488.c:76:6:ILI9488_Init	8	static
../Core/Src/ILI9488.c:173:6:setAddrWindow	32	static
../Core/Src/ILI9488.c:190:6:setScrollArea	16	static
../Core/Src/ILI9488.c:200:6:scroll	16	static
../Core/Src/ILI9488.c:205:6:pushColor	16	static
../Core/Src/ILI9488.c:213:6:pushColors	56	dynamic
../Core/Src/ILI9488.c:238:6:drawImage	72	dynamic
../Core/Src/ILI9488.c:282:6:drawPixel	16	static
../Core/Src/ILI9488.c:293:6:drawFastVLine	24	static
../Core/Src/ILI9488.c:311:6:drawFastHLine	24	static
../Core/Src/ILI9488.c:326:6:drawLine	40	static
../Core/Src/ILI9488.c:343:6:writeLine	48	static
../Core/Src/ILI9488.c:384:6:fillScreen	24	static
../Core/Src/ILI9488.c:388:6:fillRect	72	dynamic
../Core/Src/ILI9488.c:439:6:setRotation	24	static
../Core/Src/ILI9488.c:467:6:invertDisplay	16	static
../Core/Src/ILI9488.c:471:10:color565	16	static
../Core/Src/ILI9488.c:481:6:Displ_WChar	64	static
../Core/Src/ILI9488.c:559:6:Displ_WString	64	static
../Core/Src/ILI9488.c:596:6:Displ_CString	56	static
../Core/Src/ILI9488.c:633:6:testLines	56	static
../Core/Src/ILI9488.c:672:6:DrawCircle	40	static
../Core/Src/ILI9488.c:705:6:FillCircle	40	static
../Core/Src/ILI9488.c:744:6:write16BitColor	24	static
../Core/Src/ILI9488.c:766:6:lcdDrawRect	24	static
../Core/Src/ILI9488.c:779:6:ili9488_DisplayOn	8	static
../Core/Src/ILI9488.c:787:6:ili9488_DisplayOff	8	static
../Core/Src/ILI9488.c:795:6:ili9488_DisplayBrightness	16	static
../Core/Src/ILI9488.c:801:6:ili9488_read_chipid	24	static
../Core/Src/ILI9488.c:825:6:HAL_SPI_TxCpltCallback	16	static
